Component: ARM Compiler 5.06 update 7 (build 960) Tool: armlink [4d3601]

==============================================================================

Section Cross References

    startup_stm32f411xe.o(RESET) refers to startup_stm32f411xe.o(STACK) for __initial_sp
    startup_stm32f411xe.o(RESET) refers to startup_stm32f411xe.o(.text) for Reset_Handler
    startup_stm32f411xe.o(RESET) refers to stm32f4xx_it.o(i.NMI_Handler) for NMI_Handler
    startup_stm32f411xe.o(RESET) refers to stm32f4xx_it.o(i.HardFault_Handler) for HardFault_Handler
    startup_stm32f411xe.o(RESET) refers to stm32f4xx_it.o(i.MemManage_Handler) for MemManage_Handler
    startup_stm32f411xe.o(RESET) refers to stm32f4xx_it.o(i.BusFault_Handler) for BusFault_Handler
    startup_stm32f411xe.o(RESET) refers to stm32f4xx_it.o(i.UsageFault_Handler) for UsageFault_Handler
    startup_stm32f411xe.o(RESET) refers to stm32f4xx_it.o(i.SVC_Handler) for SVC_Handler
    startup_stm32f411xe.o(RESET) refers to stm32f4xx_it.o(i.DebugMon_Handler) for DebugMon_Handler
    startup_stm32f411xe.o(RESET) refers to stm32f4xx_it.o(i.PendSV_Handler) for PendSV_Handler
    startup_stm32f411xe.o(RESET) refers to stm32f4xx_it.o(i.SysTick_Handler) for SysTick_Handler
    startup_stm32f411xe.o(RESET) refers to stm32f4xx_it.o(i.EXTI0_IRQHandler) for EXTI0_IRQHandler
    startup_stm32f411xe.o(RESET) refers to stm32f4xx_it.o(i.TIM1_UP_TIM10_IRQHandler) for TIM1_UP_TIM10_IRQHandler
    startup_stm32f411xe.o(RESET) refers to stm32f4xx_it.o(i.USART1_IRQHandler) for USART1_IRQHandler
    startup_stm32f411xe.o(RESET) refers to stm32f4xx_it.o(i.USART2_IRQHandler) for USART2_IRQHandler
    startup_stm32f411xe.o(.text) refers to system_stm32f4xx.o(i.SystemInit) for SystemInit
    startup_stm32f411xe.o(.text) refers to entry.o(.ARM.Collect$$$$00000000) for __main
    main.o(i.SystemClock_Config) refers to memseta.o(.text) for __aeabi_memclr4
    main.o(i.SystemClock_Config) refers to stm32f4xx_hal_rcc.o(i.HAL_RCC_OscConfig) for HAL_RCC_OscConfig
    main.o(i.SystemClock_Config) refers to stm32f4xx_hal_rcc.o(i.HAL_RCC_ClockConfig) for HAL_RCC_ClockConfig
    main.o(i.main) refers to stm32f4xx_hal.o(i.HAL_Init) for HAL_Init
    main.o(i.main) refers to main.o(i.SystemClock_Config) for SystemClock_Config
    main.o(i.main) refers to gpio.o(i.MX_GPIO_Init) for MX_GPIO_Init
    main.o(i.main) refers to usart.o(i.MX_USART1_UART_Init) for MX_USART1_UART_Init
    main.o(i.main) refers to usart.o(i.MX_USART2_UART_Init) for MX_USART2_UART_Init
    main.o(i.main) refers to i2c.o(i.MX_I2C1_Init) for MX_I2C1_Init
    main.o(i.main) refers to tim.o(i.MX_TIM3_Init) for MX_TIM3_Init
    main.o(i.main) refers to tim.o(i.MX_TIM10_Init) for MX_TIM10_Init
    main.o(i.main) refers to mpu6050.o(i.MPU6050_Init) for MPU6050_Init
    main.o(i.main) refers to oled.o(i.OLED_Init) for OLED_Init
    main.o(i.main) refers to bsp_usart.o(i.USART_Init) for USART_Init
    gpio.o(i.MX_GPIO_Init) refers to memseta.o(.text) for __aeabi_memclr4
    gpio.o(i.MX_GPIO_Init) refers to stm32f4xx_hal_gpio.o(i.HAL_GPIO_WritePin) for HAL_GPIO_WritePin
    gpio.o(i.MX_GPIO_Init) refers to stm32f4xx_hal_gpio.o(i.HAL_GPIO_Init) for HAL_GPIO_Init
    gpio.o(i.MX_GPIO_Init) refers to stm32f4xx_hal_cortex.o(i.HAL_NVIC_SetPriority) for HAL_NVIC_SetPriority
    gpio.o(i.MX_GPIO_Init) refers to stm32f4xx_hal_cortex.o(i.HAL_NVIC_EnableIRQ) for HAL_NVIC_EnableIRQ
    i2c.o(i.HAL_I2C_MspDeInit) refers to stm32f4xx_hal_gpio.o(i.HAL_GPIO_DeInit) for HAL_GPIO_DeInit
    i2c.o(i.HAL_I2C_MspInit) refers to memseta.o(.text) for __aeabi_memclr4
    i2c.o(i.HAL_I2C_MspInit) refers to stm32f4xx_hal_gpio.o(i.HAL_GPIO_Init) for HAL_GPIO_Init
    i2c.o(i.MX_I2C1_Init) refers to stm32f4xx_hal_i2c.o(i.HAL_I2C_Init) for HAL_I2C_Init
    i2c.o(i.MX_I2C1_Init) refers to main.o(i.Error_Handler) for Error_Handler
    i2c.o(i.MX_I2C1_Init) refers to i2c.o(.bss) for .bss
    tim.o(i.HAL_TIM_Base_MspDeInit) refers to stm32f4xx_hal_cortex.o(i.HAL_NVIC_DisableIRQ) for HAL_NVIC_DisableIRQ
    tim.o(i.HAL_TIM_Base_MspInit) refers to stm32f4xx_hal_cortex.o(i.HAL_NVIC_SetPriority) for HAL_NVIC_SetPriority
    tim.o(i.HAL_TIM_Base_MspInit) refers to stm32f4xx_hal_cortex.o(i.HAL_NVIC_EnableIRQ) for HAL_NVIC_EnableIRQ
    tim.o(i.HAL_TIM_MspPostInit) refers to memseta.o(.text) for __aeabi_memclr4
    tim.o(i.HAL_TIM_MspPostInit) refers to stm32f4xx_hal_gpio.o(i.HAL_GPIO_Init) for HAL_GPIO_Init
    tim.o(i.MX_TIM10_Init) refers to stm32f4xx_hal_tim.o(i.HAL_TIM_Base_Init) for HAL_TIM_Base_Init
    tim.o(i.MX_TIM10_Init) refers to main.o(i.Error_Handler) for Error_Handler
    tim.o(i.MX_TIM10_Init) refers to tim.o(.bss) for .bss
    tim.o(i.MX_TIM3_Init) refers to memseta.o(.text) for __aeabi_memclr4
    tim.o(i.MX_TIM3_Init) refers to stm32f4xx_hal_tim.o(i.HAL_TIM_PWM_Init) for HAL_TIM_PWM_Init
    tim.o(i.MX_TIM3_Init) refers to main.o(i.Error_Handler) for Error_Handler
[...]
    ../clib/microlib/init/entry.s            0x00000000   Number         0  entry.o ABSOLUTE
    ../clib/microlib/longlong.c              0x00000000   Number         0  llsshr.o ABSOLUTE
    ../clib/microlib/longlong.c              0x00000000   Number         0  llshl.o ABSOLUTE
    ../clib/microlib/longlong.c              0x00000000   Number         0  llushr.o ABSOLUTE
    ../clib/microlib/printf/printf.c         0x00000000   Number         0  printf1.o ABSOLUTE
    ../clib/microlib/printf/printf.c         0x00000000   Number         0  printf0.o ABSOLUTE
    ../clib/microlib/printf/printf.c         0x00000000   Number         0  printfb.o ABSOLUTE
    ../clib/microlib/printf/printf.c         0x00000000   Number         0  printf3.o ABSOLUTE
    ../clib/microlib/printf/printf.c         0x00000000   Number         0  printf4.o ABSOLUTE
    ../clib/microlib/printf/printf.c         0x00000000   Number         0  printf5.o ABSOLUTE
    ../clib/microlib/printf/printf.c         0x00000000   Number         0  printf7.o ABSOLUTE
    ../clib/microlib/printf/printf.c         0x00000000   Number         0  printf8.o ABSOLUTE
    ../clib/microlib/printf/printf.c         0x00000000   Number         0  printf6.o ABSOLUTE
    ../clib/microlib/printf/printf.c         0x00000000   Number         0  printf2.o ABSOLUTE
    ../clib/microlib/printf/printf.c         0x00000000   Number         0  printfa.o ABSOLUTE
    ../clib/microlib/printf/stubs.s          0x00000000   Number         0  stubs.o ABSOLUTE
    ../clib/microlib/stdio/streams.c         0x00000000   Number         0  stdout.o ABSOLUTE
    ../clib/microlib/string/memcmp.c         0x00000000   Number         0  memcmp.o ABSOLUTE
    ../clib/microlib/string/memset.c         0x00000000   Number         0  memseta.o ABSOLUTE
    ../clib/microlib/stubs.s                 0x00000000   Number         0  iusefp.o ABSOLUTE
    ../fplib/microlib/d2f.c                  0x00000000   Number         0  d2f.o ABSOLUTE
    ../fplib/microlib/f2d.c                  0x00000000   Number         0  f2d.o ABSOLUTE
    ../fplib/microlib/fpadd.c                0x00000000   Number         0  dadd.o ABSOLUTE
    ../fplib/microlib/fpdiv.c                0x00000000   Number         0  ddiv.o ABSOLUTE
    ../fplib/microlib/fpepilogue.c           0x00000000   Number         0  depilogue.o ABSOLUTE
    ../fplib/microlib/fpepilogue.c           0x00000000   Number         0  fepilogue.o ABSOLUTE
    ../fplib/microlib/fpfix.c                0x00000000   Number         0  dfixul.o ABSOLUTE
    ../fplib/microlib/fpflt.c                0x00000000   Number         0  dflti.o ABSOLUTE
    ../fplib/microlib/fpmul.c                0x00000000   Number         0  dmul.o ABSOLUTE
    ../fplib/microlib/fpneg.c                0x00000000   Number         0  dneg.o ABSOLUTE
    ../fplib/microlib/fpsqrt.c               0x00000000   Number         0  dsqrt.o ABSOLUTE
    ../mathlib/asin.c                        0x00000000   Number         0  asin_x.o ABSOLUTE
    ../mathlib/asin.c                        0x00000000   Number         0  asin.o ABSOLUTE
    ../mathlib/atan.c                        0x00000000   Number         0  atan.o ABSOLUTE
    ../mathlib/atan.c                        0x00000000   Number         0  atan_x.o ABSOLUTE
    ../mathlib/atan2.c                       0x00000000   Number         0  atan2_x.o ABSOLUTE
    ../mathlib/atan2.c                       0x00000000   Number         0  atan2.o ABSOLUTE
    ../mathlib/dunder.c                      0x00000000   Number         0  dunder.o ABSOLUTE
    ../mathlib/fabs.c                        0x00000000   Number         0  fabs.o ABSOLUTE
    ../mathlib/fpclassify.c                  0x00000000   Number         0  fpclassify.o ABSOLUTE
    ../mathlib/poly.c                        0x00000000   Number         0  poly.o ABSOLUTE
    ../mathlib/qnan.c                        0x00000000   Number         0  qnan.o ABSOLUTE
    ../mathlib/sqrt.c                        0x00000000   Number         0  sqrt.o ABSOLUTE
    ../mathlib/sqrt.c                        0x00000000   Number         0  sqrt_x.o ABSOLUTE
    ..\BSP\Board\bsp_usart.c                 0x00000000   Number         0  bsp_usart.o ABSOLUTE
    ..\Components\Controller\PID\pid.c       0x00000000   Number         0  pid.o ABSOLUTE
    ..\Components\Devices\MPU6050\eMPL\inv_mpu.c 0x00000000   Number         0  inv_mpu.o ABSOLUTE
    ..\Components\Devices\MPU6050\eMPL\inv_mpu_dmp_motion_driver.c 0x00000000   Number         0  inv_mpu_dmp_motion_driver.o ABSOLUTE
    ..\Components\Devices\MPU6050\mpu6050.c  0x00000000   Number         0  mpu6050.o ABSOLUTE
    ..\Components\Devices\OLED\oled.c        0x00000000   Number         0  oled.o ABSOLUTE
    ..\Core\Src\gpio.c                       0x00000000   Number         0  gpio.o ABSOLUTE
    ..\Core\Src\i2c.c                        0x00000000   Number         0  i2c.o ABSOLUTE
    ..\Core\Src\main.c                       0x00000000   Number         0  main.o ABSOLUTE
    ..\Core\Src\stm32f4xx_hal_msp.c          0x00000000   Number         0  stm32f4xx_hal_msp.o ABSOLUTE
    ..\Core\Src\stm32f4xx_it.c               0x00000000   Number         0  stm32f4xx_it.o ABSOLUTE
    ..\Core\Src\system_stm32f4xx.c           0x00000000   Number         0  system_stm32f4xx.o ABSOLUTE
    ..\Core\Src\tim.c                        0x00000000   Number         0  tim.o ABSOLUTE
    ..\Core\Src\usart.c                      0x00000000   Number         0  usart.o ABSOLUTE
    ..\Drivers\STM32F4xx_HAL_Driver\Src\stm32f4xx_hal.c 0x00000000   Number         0  stm32f4xx_hal.o ABSOLUTE
    ..\Drivers\STM32F4xx_HAL_Driver\Src\stm32f4xx_hal_cortex.c 0x00000000   Number         0  stm32f4xx_hal_cortex.o ABSOLUTE
    ..\Drivers\STM32F4xx_HAL_Driver\Src\stm32f4xx_hal_dma.c 0x00000000   Number         0  stm32f4xx_hal_dma.o ABSOLUTE
    ..\Drivers\STM32F4xx_HAL_Driver\Src\stm32f4xx_hal_dma_ex.c 0x00000000   Number         0  stm32f4xx_hal_dma_ex.o ABSOLUTE
    ..\Drivers\STM32F4xx_HAL_Driver\Src\stm32f4xx_hal_exti.c 0x00000000   Number         0  stm32f4xx_hal_exti.o ABSOLUTE
    ..\Drivers\STM32F4xx_HAL_Driver\Src\stm32f4xx_hal_flash.c 0x00000000   Number         0  stm32f4xx_hal_flash.o ABSOLUTE
    ..\Drivers\STM32F4xx_HAL_Driver\Src\stm32f4xx_hal_flash_ex.c 0x00000000   Number         0  stm32f4xx_hal_flash_ex.o ABSOLUTE
    ..\Drivers\STM32F4xx_HAL_Driver\Src\stm32f4xx_hal_flash_ramfunc.c 0x00000000   Number         0  stm32f4xx_hal_flash_ramfunc.o ABSOLUTE
    ..\Drivers\STM32F4xx_HAL_Driver\Src\stm32f4xx_hal_gpio.c 0x00000000   Number         0  stm32f4xx_hal_gpio.o ABSOLUTE
    ..\Drivers\STM32F4xx_HAL_Driver\Src\stm32f4xx_hal_i2c.c 0x00000000   Number         0  stm32f4xx_hal_i2c.o ABSOLUTE
    ..\Drivers\STM32F4xx_HAL_Driver\Src\stm32f4xx_hal_i2c_ex.c 0x00000000   Number         0  stm32f4xx_hal_i2c_ex.o ABSOLUTE
    ..\Drivers\STM32F4xx_HAL_Driver\Src\stm32f4xx_hal_pwr.c 0x00000000   Number         0  stm32f4xx_hal_pwr.o ABSOLUTE
    ..\Drivers\STM32F4xx_HAL_Driver\Src\stm32f4xx_hal_pwr_ex.c 0x00000000   Number         0  stm32f4xx_hal_pwr_ex.o ABSOLUTE
    ..\Drivers\STM32F4xx_HAL_Driver\Src\stm32f4xx_hal_rcc.c 0x00000000   Number         0  stm32f4xx_hal_rcc.o ABSOLUTE
    ..\Drivers\STM32F4xx_HAL_Driver\Src\stm32f4xx_hal_rcc_ex.c 0x00000000   Number         0  stm32f4xx_hal_rcc_ex.o ABSOLUTE
    ..\Drivers\STM32F4xx_HAL_Driver\Src\stm32f4xx_hal_tim.c 0x00000000   Number         0  stm32f4xx_hal_tim.o ABSOLUTE
    ..\Drivers\STM32F4xx_HAL_Driver\Src\stm32f4xx_hal_tim_ex.c 0x00000000   Number         0  stm32f4xx_hal_tim_ex.o ABSOLUTE
    ..\Drivers\STM32F4xx_HAL_Driver\Src\stm32f4xx_hal_uart.c 0x00000000   Number         0  stm32f4xx_hal_uart.o ABSOLUTE
    ..\\BSP\\Board\\bsp_usart.c              0x00000000   Number         0  bsp_usart.o ABSOLUTE
    ..\\Components\\Controller\\PID\\pid.c   0x00000000   Number         0  pid.o ABSOLUTE
    ..\\Components\\Devices\\MPU6050\\eMPL\\inv_mpu.c 0x00000000   Number         0  inv_mpu.o ABSOLUTE
    ..\\Components\\Devices\\MPU6050\\eMPL\\inv_mpu_dmp_motion_driver.c 0x00000000   Number         0  inv_mpu_dmp_motion_driver.o ABSOLUTE
    ..\\Components\\Devices\\MPU6050\\mpu6050.c 0x00000000   Number         0  mpu6050.o ABSOLUTE
    ..\\Components\\Devices\\OLED\\oled.c    0x00000000   Number         0  oled.o ABSOLUTE
    cdcmple.s                                0x00000000   Number         0  cdcmple.o ABSOLUTE
    cdrcmple.s                               0x00000000   Number         0  cdrcmple.o ABSOLUTE
    dc.s                                     0x00000000   Number         0  dc.o ABSOLUTE
    handlers.s                               0x00000000   Number         0  handlers.o ABSOLUTE
    init.s                                   0x00000000   Number         0  init.o ABSOLUTE
    startup_stm32f411xe.s                    0x00000000   Number         0  startup_stm32f411xe.o ABSOLUTE
    RESET                                    0x08000000   Section      408  startup_stm32f411xe.o(RESET)
    .ARM.Collect$$$$00000000                 0x08000198   Section        0  entry.o(.ARM.Collect$$$$00000000)
    .ARM.Collect$$$$00000001                 0x08000198   Section        4  entry2.o(.ARM.Collect$$$$00000001)
    .ARM.Collect$$$$00000004                 0x0800019c   Section        4  entry5.o(.ARM.Collect$$$$00000004)
    .ARM.Collect$$$$00000008                 0x080001a0   Section        0  entry7b.o(.ARM.Collect$$$$00000008)
    .ARM.Collect$$$$0000000A                 0x080001a0   Section        0  entry8b.o(.ARM.Collect$$$$0000000A)
    .ARM.Collect$$$$0000000B                 0x080001a0   Section        8  entry9a.o(.ARM.Collect$$$$0000000B)
    .ARM.Collect$$$$0000000E                 0x080001a8   Section        4  entry12b.o(.ARM.Collect$$$$0000000E)
    .ARM.Collect$$$$0000000F                 0x080001ac   Section        0  entry10a.o(.ARM.Collect$$$$0000000F)
    .ARM.Collect$$$$00000011                 0x080001ac   Section        0  entry11a.o(.ARM.Collect$$$$00000011)
    .ARM.Collect$$$$00002712                 0x080001ac   Section        4  entry2.o(.ARM.Collect$$$$00002712)
    __lit__00000000                          0x080001ac   Data           4  entry2.o(.ARM.Collect$$$$00002712)
    .text                                    0x080001b0   Section       36  startup_stm32f411xe.o(.text)
    $v0                                      0x080001b0   Number         0  startup_stm32f411xe.o(.text)
    .text                                    0x080001d4   Section        0  uldiv.o(.text)
    .text                                    0x08000236   Section        0  ldiv.o(.text)
    .text                                    0x08000298   Section        0  memseta.o(.text)
    .text                                    0x080002bc   Section        0  memcmp.o(.text)
    .text                                    0x080002d6   Section        0  llshl.o(.text)
    .text                                    0x080002f4   Section        0  llushr.o(.text)
    .text                                    0x08000314   Section       36  init.o(.text)
    i.BusFault_Handler                       0x08000338   Section        0  stm32f4xx_it.o(i.BusFault_Handler)
    i.DebugMon_Handler                       0x0800033a   Section        0  stm32f4xx_it.o(i.DebugMon_Handler)
    i.EXTI0_IRQHandler                       0x0800033c   Section        0  stm32f4xx_it.o(i.EXTI0_IRQHandler)
    i.Error_Handler                          0x08000342   Section        0  main.o(i.Error_Handler)
    i.HAL_DMA_Abort                          0x08000346   Section        0  stm32f4xx_hal_dma.o(i.HAL_DMA_Abort)
    i.HAL_DMA_Abort_IT                       0x080003d8   Section        0  stm32f4xx_hal_dma.o(i.HAL_DMA_Abort_IT)
    i.HAL_Delay                              0x080003fc   Section        0  stm32f4xx_hal.o(i.HAL_Delay)
    i.HAL_GPIO_EXTI_Callback                 0x08000420   Section        0  stm32f4xx_hal_gpio.o(i.HAL_GPIO_EXTI_Callback)
    i.HAL_GPIO_EXTI_IRQHandler               0x08000424   Section        0  stm32f4xx_hal_gpio.o(i.HAL_GPIO_EXTI_IRQHandler)
    i.HAL_GPIO_Init                          0x0800043c   Section        0  stm32f4xx_hal_gpio.o(i.HAL_GPIO_Init)
    i.HAL_GPIO_WritePin                      0x0800061c   Section        0  stm32f4xx_hal_gpio.o(i.HAL_GPIO_WritePin)
    i.HAL_GetTick                            0x08000628   Section        0  stm32f4xx_hal.o(i.HAL_GetTick)
    i.HAL_I2C_Init                           0x08000634   Section        0  stm32f4xx_hal_i2c.o(i.HAL_I2C_Init)
    i.HAL_I2C_Master_Transmit                0x080007bc   Section        0  stm32f4xx_hal_i2c.o(i.HAL_I2C_Master_Transmit)
    i.HAL_I2C_Mem_Read                       0x080008e8   Section        0  stm32f4xx_hal_i2c.o(i.HAL_I2C_Mem_Read)
    i.HAL_I2C_Mem_Write                      0x08000ae0   Section        0  stm32f4xx_hal_i2c.o(i.HAL_I2C_Mem_Write)
    i.HAL_I2C_MspInit                        0x08000c10   Section        0  i2c.o(i.HAL_I2C_MspInit)
    i.HAL_IncTick                            0x08000c78   Section        0  stm32f4xx_hal.o(i.HAL_IncTick)
    i.HAL_Init                               0x08000c88   Section        0  stm32f4xx_hal.o(i.HAL_Init)
    i.HAL_InitTick                           0x08000cbc   Section        0  stm32f4xx_hal.o(i.HAL_InitTick)
    i.HAL_MspInit                            0x08000cfc   Section        0  stm32f4xx_hal_msp.o(i.HAL_MspInit)
    i.HAL_NVIC_EnableIRQ                     0x08000d2c   Section        0  stm32f4xx_hal_cortex.o(i.HAL_NVIC_EnableIRQ)
    i.HAL_NVIC_SetPriority                   0x08000d48   Section        0  stm32f4xx_hal_cortex.o(i.HAL_NVIC_SetPriority)
    i.HAL_NVIC_SetPriorityGrouping           0x08000d88   Section        0  stm32f4xx_hal_cortex.o(i.HAL_NVIC_SetPriorityGrouping)
    i.HAL_RCC_ClockConfig                    0x08000dac   Section        0  stm32f4xx_hal_rcc.o(i.HAL_RCC_ClockConfig)
    i.HAL_RCC_GetPCLK1Freq                   0x08000ee0   Section        0  stm32f4xx_hal_rcc.o(i.HAL_RCC_GetPCLK1Freq)
    i.HAL_RCC_GetPCLK2Freq                   0x08000f00   Section        0  stm32f4xx_hal_rcc.o(i.HAL_RCC_GetPCLK2Freq)
    i.HAL_RCC_GetSysClockFreq                0x08000f20   Section        0  stm32f4xx_hal_rcc.o(i.HAL_RCC_GetSysClockFreq)
    i.HAL_RCC_OscConfig                      0x08000f84   Section        0  stm32f4xx_hal_rcc.o(i.HAL_RCC_OscConfig)
    i.HAL_SYSTICK_Config                     0x080012f0   Section        0  stm32f4xx_hal_cortex.o(i.HAL_SYSTICK_Config)
    i.HAL_TIMEx_BreakCallback                0x08001318   Section        0  stm32f4xx_hal_tim_ex.o(i.HAL_TIMEx_BreakCallback)
    i.HAL_TIMEx_CommutCallback               0x0800131a   Section        0  stm32f4xx_hal_tim_ex.o(i.HAL_TIMEx_CommutCallback)
    i.HAL_TIMEx_MasterConfigSynchronization  0x0800131c   Section        0  stm32f4xx_hal_tim_ex.o(i.HAL_TIMEx_MasterConfigSynchronization)
    i.HAL_TIM_Base_Init                      0x08001398   Section        0  stm32f4xx_hal_tim.o(i.HAL_TIM_Base_Init)
    i.HAL_TIM_Base_MspInit                   0x080013f4   Section        0  tim.o(i.HAL_TIM_Base_MspInit)
    i.HAL_TIM_IC_CaptureCallback             0x08001430   Section        0  stm32f4xx_hal_tim.o(i.HAL_TIM_IC_CaptureCallback)
    i.HAL_TIM_IRQHandler                     0x08001432   Section        0  stm32f4xx_hal_tim.o(i.HAL_TIM_IRQHandler)
    i.HAL_TIM_MspPostInit                    0x08001598   Section        0  tim.o(i.HAL_TIM_MspPostInit)
    i.HAL_TIM_OC_DelayElapsedCallback        0x080015e8   Section        0  stm32f4xx_hal_tim.o(i.HAL_TIM_OC_DelayElapsedCallback)
    i.HAL_TIM_PWM_ConfigChannel              0x080015ea   Section        0  stm32f4xx_hal_tim.o(i.HAL_TIM_PWM_ConfigChannel)
    i.HAL_TIM_PWM_Init                       0x080016b6   Section        0  stm32f4xx_hal_tim.o(i.HAL_TIM_PWM_Init)
    i.HAL_TIM_PWM_MspInit                    0x08001710   Section        0  tim.o(i.HAL_TIM_PWM_MspInit)
    i.HAL_TIM_PWM_PulseFinishedCallback      0x08001738   Section        0  stm32f4xx_hal_tim.o(i.HAL_TIM_PWM_PulseFinishedCallback)
    i.HAL_TIM_PeriodElapsedCallback          0x0800173a   Section        0  stm32f4xx_hal_tim.o(i.HAL_TIM_PeriodElapsedCallback)
    i.HAL_TIM_TriggerCallback                0x0800173c   Section        0  stm32f4xx_hal_tim.o(i.HAL_TIM_TriggerCallback)
    i.HAL_UARTEx_RxEventCallback             0x0800173e   Section        0  stm32f4xx_hal_uart.o(i.HAL_UARTEx_RxEventCallback)
    i.HAL_UART_ErrorCallback                 0x08001740   Section        0  stm32f4xx_hal_uart.o(i.HAL_UART_ErrorCallback)
    i.HAL_UART_IRQHandler                    0x08001744   Section        0  stm32f4xx_hal_uart.o(i.HAL_UART_IRQHandler)
    i.HAL_UART_Init                          0x080019ac   Section        0  stm32f4xx_hal_uart.o(i.HAL_UART_Init)
    i.HAL_UART_MspInit                       0x08001a10   Section        0  usart.o(i.HAL_UART_MspInit)
    i.HAL_UART_RxCpltCallback                0x08001ad8   Section        0  stm32f4xx_hal_uart.o(i.HAL_UART_RxCpltCallback)
    i.HAL_UART_Transmit                      0x08001adc   Section        0  stm32f4xx_hal_uart.o(i.HAL_UART_Transmit)
    i.HAL_UART_TxCpltCallback                0x08001b8e   Section        0  stm32f4xx_hal_uart.o(i.HAL_UART_TxCpltCallback)
    i.HardFault_Handler                      0x08001b90   Section        0  stm32f4xx_it.o(i.HardFault_Handler)
    i.I2C_IsAcknowledgeFailed                0x08001b92   Section        0  stm32f4xx_hal_i2c.o(i.I2C_IsAcknowledgeFailed)
    I2C_IsAcknowledgeFailed                  0x08001b93   Thumb Code    46  stm32f4xx_hal_i2c.o(i.I2C_IsAcknowledgeFailed)
    i.I2C_MasterRequestWrite                 0x08001bc0   Section        0  stm32f4xx_hal_i2c.o(i.I2C_MasterRequestWrite)
    I2C_MasterRequestWrite                   0x08001bc1   Thumb Code   150  stm32f4xx_hal_i2c.o(i.I2C_MasterRequestWrite)
    i.I2C_RequestMemoryRead                  0x08001c5c   Section        0  stm32f4xx_hal_i2c.o(i.I2C_RequestMemoryRead)
    I2C_RequestMemoryRead                    0x08001c5d   Thumb Code   246  stm32f4xx_hal_i2c.o(i.I2C_RequestMemoryRead)
    i.I2C_RequestMemoryWrite                 0x08001d58   Section        0  stm32f4xx_hal_i2c.o(i.I2C_RequestMemoryWrite)
    I2C_RequestMemoryWrite                   0x08001d59   Thumb Code   162  stm32f4xx_hal_i2c.o(i.I2C_RequestMemoryWrite)
    i.I2C_WaitOnBTFFlagUntilTimeout          0x08001e00   Section        0  stm32f4xx_hal_i2c.o(i.I2C_WaitOnBTFFlagUntilTimeout)
    I2C_WaitOnBTFFlagUntilTimeout            0x08001e01   Thumb Code    76  stm32f4xx_hal_i2c.o(i.I2C_WaitOnBTFFlagUntilTimeout)
    i.I2C_WaitOnFlagUntilTimeout             0x08001e4c   Section        0  stm32f4xx_hal_i2c.o(i.I2C_WaitOnFlagUntilTimeout)
    I2C_WaitOnFlagUntilTimeout               0x08001e4d   Thumb Code   104  stm32f4xx_hal_i2c.o(i.I2C_WaitOnFlagUntilTimeout)
    i.I2C_WaitOnMasterAddressFlagUntilTimeout 0x08001eb4   Section        0  stm32f4xx_hal_i2c.o(i.I2C_WaitOnMasterAddressFlagUntilTimeout)
    I2C_WaitOnMasterAddressFlagUntilTimeout  0x08001eb5   Thumb Code   150  stm32f4xx_hal_i2c.o(i.I2C_WaitOnMasterAddressFlagUntilTimeout)
    i.I2C_WaitOnRXNEFlagUntilTimeout         0x08001f4a   Section        0  stm32f4xx_hal_i2c.o(i.I2C_WaitOnRXNEFlagUntilTimeout)
    I2C_WaitOnRXNEFlagUntilTimeout           0x08001f4b   Thumb Code   102  stm32f4xx_hal_i2c.o(i.I2C_WaitOnRXNEFlagUntilTimeout)
    i.I2C_WaitOnTXEFlagUntilTimeout          0x08001fb0   Section        0  stm32f4xx_hal_i2c.o(i.I2C_WaitOnTXEFlagUntilTimeout)
    I2C_WaitOnTXEFlagUntilTimeout            0x08001fb1   Thumb Code    76  stm32f4xx_hal_i2c.o(i.I2C_WaitOnTXEFlagUntilTimeout)
    i.MPU6050_Init                           0x08001ffc   Section        0  mpu6050.o(i.MPU6050_Init)
    i.MPU_Init                               0x08002022   Section        0  mpu6050.o(i.MPU_Init)
    i.MPU_Read_Byte                          0x08002094   Section        0  mpu6050.o(i.MPU_Read_Byte)
    i.MPU_Read_Len                           0x080020c0   Section        0  mpu6050.o(i.MPU_Read_Len)
    i.MPU_Set_Accel_Fsr                      0x080020e4   Section        0  mpu6050.o(i.MPU_Set_Accel_Fsr)
    i.MPU_Set_Gyro_Fsr                       0x080020ee   Section        0  mpu6050.o(i.MPU_Set_Gyro_Fsr)
    i.MPU_Set_LPF                            0x080020f8   Section        0  mpu6050.o(i.MPU_Set_LPF)
    i.MPU_Set_Rate                           0x08002128   Section        0  mpu6050.o(i.MPU_Set_Rate)
    i.MPU_Write_Byte                         0x08002158   Section        0  mpu6050.o(i.MPU_Write_Byte)
    i.MPU_Write_Len                          0x08002180   Section        0  mpu6050.o(i.MPU_Write_Len)
    i.MX_GPIO_Init                           0x080021a4   Section        0  gpio.o(i.MX_GPIO_Init)
    i.MX_I2C1_Init                           0x08002284   Section        0  i2c.o(i.MX_I2C1_Init)
    i.MX_TIM10_Init                          0x080022c4   Section        0  tim.o(i.MX_TIM10_Init)
    i.MX_TIM3_Init                           0x080022fc   Section        0  tim.o(i.MX_TIM3_Init)
    i.MX_USART1_UART_Init                    0x0800237c   Section        0  usart.o(i.MX_USART1_UART_Init)
    i.MX_USART2_UART_Init                    0x080023b4   Section        0  usart.o(i.MX_USART2_UART_Init)
    i.MemManage_Handler                      0x080023ec   Section        0  stm32f4xx_it.o(i.MemManage_Handler)
    i.NMI_Handler                            0x080023ee   Section        0  stm32f4xx_it.o(i.NMI_Handler)
    i.OLED_Clear                             0x080023f0   Section        0  oled.o(i.OLED_Clear)
    i.OLED_Init                              0x0800241c   Section        0  oled.o(i.OLED_Init)
    i.OLED_Refresh                           0x08002508   Section        0  oled.o(i.OLED_Refresh)
    i.OLED_WR_Byte                           0x0800253c   Section        0  oled.o(i.OLED_WR_Byte)
    i.OLED_set_pos                           0x08002564   Section        0  oled.o(i.OLED_set_pos)
    i.PendSV_Handler                         0x0800258c   Section        0  stm32f4xx_it.o(i.PendSV_Handler)
    i.SVC_Handler                            0x0800258e   Section        0  stm32f4xx_it.o(i.SVC_Handler)
    i.SysTick_Handler                        0x08002590   Section        0  stm32f4xx_it.o(i.SysTick_Handler)
    i.SystemClock_Config                     0x08002594   Section        0  main.o(i.SystemClock_Config)
    i.SystemInit                             0x08002624   Section        0  system_stm32f4xx.o(i.SystemInit)
    i.TIM1_UP_TIM10_IRQHandler               0x08002634   Section        0  stm32f4xx_it.o(i.TIM1_UP_TIM10_IRQHandler)
    i.TIM_Base_SetConfig                     0x08002640   Section        0  stm32f4xx_hal_tim.o(i.TIM_Base_SetConfig)
    i.TIM_OC1_SetConfig                      0x080026d8   Section        0  stm32f4xx_hal_tim.o(i.TIM_OC1_SetConfig)
    TIM_OC1_SetConfig                        0x080026d9   Thumb Code    74  stm32f4xx_hal_tim.o(i.TIM_OC1_SetConfig)
    i.TIM_OC2_SetConfig                      0x08002728   Section        0  stm32f4xx_hal_tim.o(i.TIM_OC2_SetConfig)
    i.TIM_OC3_SetConfig                      0x08002780   Section        0  stm32f4xx_hal_tim.o(i.TIM_OC3_SetConfig)
    TIM_OC3_SetConfig                        0x08002781   Thumb Code    82  stm32f4xx_hal_tim.o(i.TIM_OC3_SetConfig)
    i.TIM_OC4_SetConfig                      0x080027d8   Section        0  stm32f4xx_hal_tim.o(i.TIM_OC4_SetConfig)
    TIM_OC4_SetConfig                        0x080027d9   Thumb Code    64  stm32f4xx_hal_tim.o(i.TIM_OC4_SetConfig)
    i.UART_DMAAbortOnError                   0x0800281c   Section        0  stm32f4xx_hal_uart.o(i.UART_DMAAbortOnError)
    UART_DMAAbortOnError                     0x0800281d   Thumb Code    16  stm32f4xx_hal_uart.o(i.UART_DMAAbortOnError)
    i.UART_EndRxTransfer                     0x0800282c   Section        0  stm32f4xx_hal_uart.o(i.UART_EndRxTransfer)
    UART_EndRxTransfer                       0x0800282d   Thumb Code    78  stm32f4xx_hal_uart.o(i.UART_EndRxTransfer)
    i.UART_Receive_IT                        0x0800287a   Section        0  stm32f4xx_hal_uart.o(i.UART_Receive_IT)
    UART_Receive_IT                          0x0800287b   Thumb Code   192  stm32f4xx_hal_uart.o(i.UART_Receive_IT)
    i.UART_SetConfig                         0x0800293c   Section        0  stm32f4xx_hal_uart.o(i.UART_SetConfig)
    UART_SetConfig                           0x0800293d   Thumb Code   258  stm32f4xx_hal_uart.o(i.UART_SetConfig)
    i.UART_WaitOnFlagUntilTimeout            0x08002a48   Section        0  stm32f4xx_hal_uart.o(i.UART_WaitOnFlagUntilTimeout)
    UART_WaitOnFlagUntilTimeout              0x08002a49   Thumb Code   120  stm32f4xx_hal_uart.o(i.UART_WaitOnFlagUntilTimeout)
    i.USART1_IRQHandler                      0x08002ac0   Section        0  stm32f4xx_it.o(i.USART1_IRQHandler)
    i.USART2_IRQHandler                      0x08002acc   Section        0  stm32f4xx_it.o(i.USART2_IRQHandler)
    i.USART_Init                             0x08002ad8   Section        0  bsp_usart.o(i.USART_Init)
    i.UsageFault_Handler                     0x08002ada   Section        0  stm32f4xx_it.o(i.UsageFault_Handler)
    i.__0printf$8                            0x08002adc   Section        0  printf8.o(i.__0printf$8)
    i.__NVIC_SetPriority                     0x08002afc   Section        0  stm32f4xx_hal_cortex.o(i.__NVIC_SetPriority)
    __NVIC_SetPriority                       0x08002afd   Thumb Code    32  stm32f4xx_hal_cortex.o(i.__NVIC_SetPriority)
    i.__scatterload_copy                     0x08002b1c   Section       14  handlers.o(i.__scatterload_copy)
    i.__scatterload_null                     0x08002b2a   Section        2  handlers.o(i.__scatterload_null)
    i.__scatterload_zeroinit                 0x08002b2c   Section       14  handlers.o(i.__scatterload_zeroinit)
    i._printf_core                           0x08002b3c   Section        0  printf8.o(i._printf_core)
    _printf_core                             0x08002b3d   Thumb Code   984  printf8.o(i._printf_core)
    i._printf_post_padding                   0x08002f40   Section        0  printf8.o(i._printf_post_padding)
    _printf_post_padding                     0x08002f41   Thumb Code    36  printf8.o(i._printf_post_padding)
    i._printf_pre_padding                    0x08002f64   Section        0  printf8.o(i._printf_pre_padding)
    _printf_pre_padding                      0x08002f65   Thumb Code    46  printf8.o(i._printf_pre_padding)
    i.accel_self_test                        0x08002f94   Section        0  inv_mpu.o(i.accel_self_test)
    accel_self_test                          0x08002f95   Thumb Code   126  inv_mpu.o(i.accel_self_test)
    i.dmp_enable_6x_lp_quat                  0x08003024   Section        0  inv_mpu_dmp_motion_driver.o(i.dmp_enable_6x_lp_quat)
    i.dmp_enable_feature                     0x08003060   Section        0  inv_mpu_dmp_motion_driver.o(i.dmp_enable_feature)
    i.dmp_enable_gyro_cal                    0x08003238   Section        0  inv_mpu_dmp_motion_driver.o(i.dmp_enable_gyro_cal)
    i.dmp_enable_lp_quat                     0x08003274   Section        0  inv_mpu_dmp_motion_driver.o(i.dmp_enable_lp_quat)
    i.dmp_load_motion_driver_firmware        0x080032b0   Section        0  inv_mpu_dmp_motion_driver.o(i.dmp_load_motion_driver_firmware)
    i.dmp_set_accel_bias                     0x080032c4   Section        0  inv_mpu_dmp_motion_driver.o(i.dmp_set_accel_bias)
    i.dmp_set_fifo_rate                      0x0800339c   Section        0  inv_mpu_dmp_motion_driver.o(i.dmp_set_fifo_rate)
    i.dmp_set_gyro_bias                      0x08003400   Section        0  inv_mpu_dmp_motion_driver.o(i.dmp_set_gyro_bias)
    i.dmp_set_orientation                    0x080034cc   Section        0  inv_mpu_dmp_motion_driver.o(i.dmp_set_orientation)
    i.dmp_set_shake_reject_thresh            0x080035d8   Section        0  inv_mpu_dmp_motion_driver.o(i.dmp_set_shake_reject_thresh)
    i.dmp_set_shake_reject_time              0x08003608   Section        0  inv_mpu_dmp_motion_driver.o(i.dmp_set_shake_reject_time)
    i.dmp_set_shake_reject_timeout           0x08003628   Section        0  inv_mpu_dmp_motion_driver.o(i.dmp_set_shake_reject_timeout)
    i.dmp_set_tap_axes                       0x08003648   Section        0  inv_mpu_dmp_motion_driver.o(i.dmp_set_tap_axes)
    i.dmp_set_tap_count                      0x08003688   Section        0  inv_mpu_dmp_motion_driver.o(i.dmp_set_tap_count)
    i.dmp_set_tap_thresh                     0x080036ac   Section        0  inv_mpu_dmp_motion_driver.o(i.dmp_set_tap_thresh)
    i.dmp_set_tap_time                       0x0800380c   Section        0  inv_mpu_dmp_motion_driver.o(i.dmp_set_tap_time)
    i.dmp_set_tap_time_multi                 0x0800382c   Section        0  inv_mpu_dmp_motion_driver.o(i.dmp_set_tap_time_multi)
    i.fputc                                  0x0800384c   Section        0  bsp_usart.o(i.fputc)
    i.get_accel_prod_shift                   0x08003864   Section        0  inv_mpu.o(i.get_accel_prod_shift)
    get_accel_prod_shift                     0x08003865   Thumb Code   164  inv_mpu.o(i.get_accel_prod_shift)
    i.get_st_biases                          0x08003918   Section        0  inv_mpu.o(i.get_st_biases)
    get_st_biases                            0x08003919   Thumb Code   784  inv_mpu.o(i.get_st_biases)
    i.gyro_self_test                         0x08003c2c   Section        0  inv_mpu.o(i.gyro_self_test)
    gyro_self_test                           0x08003c2d   Thumb Code   190  inv_mpu.o(i.gyro_self_test)
    i.inv_orientation_matrix_to_scalar       0x08003d00   Section        0  inv_mpu.o(i.inv_orientation_matrix_to_scalar)
    i.inv_row_2_scale                        0x08003d22   Section        0  inv_mpu.o(i.inv_row_2_scale)
    i.main                                   0x08003d6a   Section        0  main.o(i.main)
    i.mpu_configure_fifo                     0x08003d98   Section        0  inv_mpu.o(i.mpu_configure_fifo)
    i.mpu_dmp_init                           0x08003dec   Section        0  inv_mpu.o(i.mpu_dmp_init)
    i.mpu_get_accel_fsr                      0x08003e8c   Section        0  inv_mpu.o(i.mpu_get_accel_fsr)
    i.mpu_get_accel_sens                     0x08003ec8   Section        0  inv_mpu.o(i.mpu_get_accel_sens)
    i.mpu_get_gyro_fsr                       0x08003f0c   Section        0  inv_mpu.o(i.mpu_get_gyro_fsr)
    i.mpu_get_gyro_sens                      0x08003f40   Section        0  inv_mpu.o(i.mpu_get_gyro_sens)
    i.mpu_get_lpf                            0x08003f8c   Section        0  inv_mpu.o(i.mpu_get_lpf)
    i.mpu_get_sample_rate                    0x08003fc4   Section        0  inv_mpu.o(i.mpu_get_sample_rate)
    i.mpu_init                               0x08003fe0   Section        0  inv_mpu.o(i.mpu_init)
    i.mpu_load_firmware                      0x08004168   Section        0  inv_mpu.o(i.mpu_load_firmware)
    i.mpu_lp_accel_mode                      0x08004208   Section        0  inv_mpu.o(i.mpu_lp_accel_mode)
    i.mpu_read_mem                           0x080042c0   Section        0  inv_mpu.o(i.mpu_read_mem)
    i.mpu_reset_fifo                         0x08004314   Section        0  inv_mpu.o(i.mpu_reset_fifo)
    i.mpu_run_self_test                      0x08004474   Section        0  inv_mpu.o(i.mpu_run_self_test)
    i.mpu_set_accel_fsr                      0x08004564   Section        0  inv_mpu.o(i.mpu_set_accel_fsr)
    i.mpu_set_bypass                         0x080045cc   Section        0  inv_mpu.o(i.mpu_set_bypass)
    i.mpu_set_dmp_state                      0x080046a8   Section        0  inv_mpu.o(i.mpu_set_dmp_state)
    i.mpu_set_gyro_fsr                       0x08004720   Section        0  inv_mpu.o(i.mpu_set_gyro_fsr)
    i.mpu_set_int_latched                    0x0800478c   Section        0  inv_mpu.o(i.mpu_set_int_latched)
    i.mpu_set_lpf                            0x080047f0   Section        0  inv_mpu.o(i.mpu_set_lpf)
    i.mpu_set_sample_rate                    0x0800485c   Section        0  inv_mpu.o(i.mpu_set_sample_rate)
    i.mpu_set_sensors                        0x080048dc   Section        0  inv_mpu.o(i.mpu_set_sensors)
    i.mpu_write_mem                          0x08004994   Section        0  inv_mpu.o(i.mpu_write_mem)
    i.run_self_test                          0x080049e8   Section        0  inv_mpu.o(i.run_self_test)
    i.set_int_enable                         0x08004a70   Section        0  inv_mpu.o(i.set_int_enable)
    set_int_enable                           0x08004a71   Thumb Code    84  inv_mpu.o(i.set_int_enable)
    .constdata                               0x08004ac8   Section       16  system_stm32f4xx.o(.constdata)
    .constdata                               0x08004ad8   Section        8  system_stm32f4xx.o(.constdata)
    .constdata                               0x08004ae0   Section       27  inv_mpu.o(.constdata)
    .constdata                               0x08004afc   Section       12  inv_mpu.o(.constdata)
    .constdata                               0x08004b08   Section       40  inv_mpu.o(.constdata)
    .constdata                               0x08004b30   Section     3062  inv_mpu_dmp_motion_driver.o(.constdata)
    dmp_memory                               0x08004b30   Data        3062  inv_mpu_dmp_motion_driver.o(.constdata)
    .conststring                             0x08005728   Section       77  inv_mpu.o(.conststring)
    .data                                    0x20000000   Section       12  stm32f4xx_hal.o(.data)
    .data                                    0x2000000c   Section        4  system_stm32f4xx.o(.data)
    .data                                    0x20000010   Section        2  oled.o(.data)
    cmd_data                                 0x20000010   Data           2  oled.o(.data)
    .data                                    0x20000014   Section       53  inv_mpu.o(.data)
    st                                       0x20000014   Data          44  inv_mpu.o(.data)
    gyro_orientation                         0x20000040   Data           9  inv_mpu.o(.data)
    .data                                    0x2000004c   Section        4  stdout.o(.data)
    .bss                                     0x20000050   Section       84  i2c.o(.bss)
    .bss                                     0x200000a4   Section      144  tim.o(.bss)
    .bss                                     0x20000134   Section      136  usart.o(.bss)
    .bss                                     0x200001bc   Section     1152  oled.o(.bss)
    .bss                                     0x2000063c   Section       16  inv_mpu_dmp_motion_driver.o(.bss)
    dmp                                      0x2000063c   Data          16  inv_mpu_dmp_motion_driver.o(.bss)
    STACK                                    0x20000650   Section     1024  startup_stm32f411xe.o(STACK)

    Global Symbols

    Symbol Name                              Value     Ov Type        Size  Object(Section)

    BuildAttributes$$THM_ISAv4$E$P$D$K$B$S$7EM$VFPi3$EXTD16$VFPS$VFMA$PE$A:L22UL41UL21$X:L11$S22US41US21$IEEE1$IW$USESV6$~STKCKD$USESV7$~SHL$OTIME$ROPI$IEEEX$EBA8$MICROLIB$REQ8$PRES8$EABIv2 0x00000000   Number         0  anon$$obj.o ABSOLUTE
    __ARM_use_no_argv                        0x00000000   Number         0  main.o ABSOLUTE
    _printf_a                                0x00000000   Number         0  stubs.o ABSOLUTE
    _printf_c                                0x00000000   Number         0  stubs.o ABSOLUTE
    _printf_charcount                        0x00000000   Number         0  stubs.o ABSOLUTE
    _printf_d                                0x00000000   Number         0  stubs.o ABSOLUTE
    _printf_e                                0x00000000   Number         0  stubs.o ABSOLUTE
    _printf_f                                0x00000000   Number         0  stubs.o ABSOLUTE
    _printf_flags                            0x00000000   Number         0  stubs.o ABSOLUTE
    _printf_fp_dec                           0x00000000   Number         0  stubs.o ABSOLUTE
    _printf_fp_hex                           0x00000000   Number         0  stubs.o ABSOLUTE
    _printf_g                                0x00000000   Number         0  stubs.o ABSOLUTE
    _printf_i                                0x00000000   Number         0  stubs.o ABSOLUTE
    _printf_int_dec                          0x00000000   Number         0  stubs.o ABSOLUTE
    _printf_l                                0x00000000   Number         0  stubs.o ABSOLUTE
    _printf_lc                               0x00000000   Number         0  stubs.o ABSOLUTE
    _printf_ll                               0x00000000   Number         0  stubs.o ABSOLUTE
    _printf_lld                              0x00000000   Number         0  stubs.o ABSOLUTE
    _printf_lli                              0x00000000   Number         0  stubs.o ABSOLUTE
    _printf_llo                              0x00000000   Number         0  stubs.o ABSOLUTE
    _printf_llu                              0x00000000   Number         0  stubs.o ABSOLUTE
    _printf_llx                              0x00000000   Number         0  stubs.o ABSOLUTE
    _printf_longlong_dec                     0x00000000   Number         0  stubs.o ABSOLUTE
    _printf_longlong_hex                     0x00000000   Number         0  stubs.o ABSOLUTE
    _printf_longlong_oct                     0x00000000   Number         0  stubs.o ABSOLUTE
    _printf_ls                               0x00000000   Number         0  stubs.o ABSOLUTE
    _printf_mbtowc                           0x00000000   Number         0  stubs.o ABSOLUTE
    _printf_n                                0x00000000   Number         0  stubs.o ABSOLUTE
    _printf_o                                0x00000000   Number         0  stubs.o ABSOLUTE
    _printf_p                                0x00000000   Number         0  stubs.o ABSOLUTE
    _printf_percent                          0x00000000   Number         0  stubs.o ABSOLUTE
    _printf_pre_padding                      0x00000000   Number         0  stubs.o ABSOLUTE
    _printf_return_value                     0x00000000   Number         0  stubs.o ABSOLUTE
    _printf_s                                0x00000000   Number         0  stubs.o ABSOLUTE
    _printf_sizespec                         0x00000000   Number         0  stubs.o ABSOLUTE
    _printf_str                              0x00000000   Number         0  stubs.o ABSOLUTE
    _printf_truncate_signed                  0x00000000   Number         0  stubs.o ABSOLUTE
    _printf_truncate_unsigned                0x00000000   Number         0  stubs.o ABSOLUTE
    _printf_u                                0x00000000   Number         0  stubs.o ABSOLUTE
    _printf_wc                               0x00000000   Number         0  stubs.o ABSOLUTE
    _printf_wctomb                           0x00000000   Number         0  stubs.o ABSOLUTE
    _printf_widthprec                        0x00000000   Number         0  stubs.o ABSOLUTE
    _printf_x                                0x00000000   Number         0  stubs.o ABSOLUTE
    __arm_fini_                               - Undefined Weak Reference
    __cpp_initialize__aeabi_                  - Undefined Weak Reference
    __cxa_finalize                            - Undefined Weak Reference
    __decompress                              - Undefined Weak Reference
    _clock_init                               - Undefined Weak Reference
    _microlib_exit                            - Undefined Weak Reference
    __Vectors_Size                           0x00000198   Number         0  startup_stm32f411xe.o ABSOLUTE
    __Vectors                                0x08000000   Data           4  startup_stm32f411xe.o(RESET)
    __Vectors_End                            0x08000198   Data           0  startup_stm32f411xe.o(RESET)
    __main                                   0x08000199   Thumb Code     0  entry.o(.ARM.Collect$$$$00000000)
    _main_stk                                0x08000199   Thumb Code     0  entry2.o(.ARM.Collect$$$$00000001)
    _main_scatterload                        0x0800019d   Thumb Code     0  entry5.o(.ARM.Collect$$$$00000004)
    __main_after_scatterload                 0x080001a1   Thumb Code     0  entry5.o(.ARM.Collect$$$$00000004)
    _main_clock                              0x080001a1   Thumb Code     0  entry7b.o(.ARM.Collect$$$$00000008)
    _main_cpp_init                           0x080001a1   Thumb Code     0  entry8b.o(.ARM.Collect$$$$0000000A)
    _main_init                               0x080001a1   Thumb Code     0  entry9a.o(.ARM.Collect$$$$0000000B)
    __rt_lib_shutdown_fini                   0x080001a9   Thumb Code     0  entry12b.o(.ARM.Collect$$$$0000000E)
    __rt_final_cpp                           0x080001ad   Thumb Code     0  entry10a.o(.ARM.Collect$$$$0000000F)
    __rt_final_exit                          0x080001ad   Thumb Code     0  entry11a.o(.ARM.Collect$$$$00000011)
    Reset_Handler                            0x080001b1   Thumb Code     8  startup_stm32f411xe.o(.text)
    ADC_IRQHandler                           0x080001cb   Thumb Code     0  startup_stm32f411xe.o(.text)
    DMA1_Stream0_IRQHandler                  0x080001cb   Thumb Code     0  startup_stm32f411xe.o(.text)
    DMA1_Stream1_IRQHandler                  0x080001cb   Thumb Code     0  startup_stm32f411xe.o(.text)
    DMA1_Stream2_IRQHandler                  0x080001cb   Thumb Code     0  startup_stm32f411xe.o(.text)
    DMA1_Stream3_IRQHandler                  0x080001cb   Thumb Code     0  startup_stm32f411xe.o(.text)
    DMA1_Stream4_IRQHandler                  0x080001cb   Thumb Code     0  startup_stm32f411xe.o(.text)
    DMA1_Stream5_IRQHandler                  0x080001cb   Thumb Code     0  startup_stm32f411xe.o(.text)
    DMA1_Stream6_IRQHandler                  0x080001cb   Thumb Code     0  startup_stm32f411xe.o(.text)
    DMA1_Stream7_IRQHandler                  0x080001cb   Thumb Code     0  startup_stm32f411xe.o(.text)
    DMA2_Stream0_IRQHandler                  0x080001cb   Thumb Code     0  startup_stm32f411xe.o(.text)
    DMA2_Stream1_IRQHandler                  0x080001cb   Thumb Code     0  startup_stm32f411xe.o(.text)
    DMA2_Stream2_IRQHandler                  0x080001cb   Thumb Code     0  startup_stm32f411xe.o(.text)
    DMA2_Stream3_IRQHandler                  0x080001cb   Thumb Code     0  startup_stm32f411xe.o(.text)
    DMA2_Stream4_IRQHandler                  0x080001cb   Thumb Code     0  startup_stm32f411xe.o(.text)
    DMA2_Stream5_IRQHandler                  0x080001cb   Thumb Code     0  startup_stm32f411xe.o(.text)
    DMA2_Stream6_IRQHandler                  0x080001cb   Thumb Code     0  startup_stm32f411xe.o(.text)
    DMA2_Stream7_IRQHandler                  0x080001cb   Thumb Code     0  startup_stm32f411xe.o(.text)
    EXTI15_10_IRQHandler                     0x080001cb   Thumb Code     0  startup_stm32f411xe.o(.text)
    EXTI1_IRQHandler                         0x080001cb   Thumb Code     0  startup_stm32f411xe.o(.text)
    EXTI2_IRQHandler                         0x080001cb   Thumb Code     0  startup_stm32f411xe.o(.text)
    EXTI3_IRQHandler                         0x080001cb   Thumb Code     0  startup_stm32f411xe.o(.text)
    EXTI4_IRQHandler                         0x080001cb   Thumb Code     0  startup_stm32f411xe.o(.text)
    EXTI9_5_IRQHandler                       0x080001cb   Thumb Code     0  startup_stm32f411xe.o(.text)
    FLASH_IRQHandler                         0x080001cb   Thumb Code     0  startup_stm32f411xe.o(.text)
    FPU_IRQHandler                           0x080001cb   Thumb Code     0  startup_stm32f411xe.o(.text)
    I2C1_ER_IRQHandler                       0x080001cb   Thumb Code     0  startup_stm32f411xe.o(.text)
    I2C1_EV_IRQHandler                       0x080001cb   Thumb Code     0  startup_stm32f411xe.o(.text)
    I2C2_ER_IRQHandler                       0x080001cb   Thumb Code     0  startup_stm32f411xe.o(.text)
    I2C2_EV_IRQHandler                       0x080001cb   Thumb Code     0  startup_stm32f411xe.o(.text)
    I2C3_ER_IRQHandler                       0x080001cb   Thumb Code     0  startup_stm32f411xe.o(.text)
    I2C3_EV_IRQHandler                       0x080001cb   Thumb Code     0  startup_stm32f411xe.o(.text)
    OTG_FS_IRQHandler                        0x080001cb   Thumb Code     0  startup_stm32f411xe.o(.text)
    OTG_FS_WKUP_IRQHandler                   0x080001cb   Thumb Code     0  startup_stm32f411xe.o(.text)
    PVD_IRQHandler                           0x080001cb   Thumb Code     0  startup_stm32f411xe.o(.text)
    RCC_IRQHandler                           0x080001cb   Thumb Code     0  startup_stm32f411xe.o(.text)
    RTC_Alarm_IRQHandler                     0x080001cb   Thumb Code     0  startup_stm32f411xe.o(.text)
    RTC_WKUP_IRQHandler                      0x080001cb   Thumb Code     0  startup_stm32f411xe.o(.text)
    SDIO_IRQHandler                          0x080001cb   Thumb Code     0  startup_stm32f411xe.o(.text)
    SPI1_IRQHandler                          0x080001cb   Thumb Code     0  startup_stm32f411xe.o(.text)
    SPI2_IRQHandler                          0x080001cb   Thumb Code     0  startup_stm32f411xe.o(.text)
    SPI3_IRQHandler                          0x080001cb   Thumb Code     0  startup_stm32f411xe.o(.text)
    SPI4_IRQHandler                          0x080001cb   Thumb Code     0  startup_stm32f411xe.o(.text)
    SPI5_IRQHandler                          0x080001cb   Thumb Code     0  startup_stm32f411xe.o(.text)
    TAMP_STAMP_IRQHandler                    0x080001cb   Thumb Code     0  startup_stm32f411xe.o(.text)
    TIM1_BRK_TIM9_IRQHandler                 0x080001cb   Thumb Code     0  startup_stm32f411xe.o(.text)
    TIM1_CC_IRQHandler                       0x080001cb   Thumb Code     0  startup_stm32f411xe.o(.text)
    TIM1_TRG_COM_TIM11_IRQHandler            0x080001cb   Thumb Code     0  startup_stm32f411xe.o(.text)
    TIM2_IRQHandler                          0x080001cb   Thumb Code     0  startup_stm32f411xe.o(.text)
    TIM3_IRQHandler                          0x080001cb   Thumb Code     0  startup_stm32f411xe.o(.text)
    TIM4_IRQHandler                          0x080001cb   Thumb Code     0  startup_stm32f411xe.o(.text)
    TIM5_IRQHandler                          0x080001cb   Thumb Code     0  startup_stm32f411xe.o(.text)
    USART6_IRQHandler                        0x080001cb   Thumb Code     0  startup_stm32f411xe.o(.text)
    WWDG_IRQHandler                          0x080001cb   Thumb Code     0  startup_stm32f411xe.o(.text)
    __aeabi_uldivmod                         0x080001d5   Thumb Code    98  uldiv.o(.text)
    __aeabi_ldivmod                          0x08000237   Thumb Code    98  ldiv.o(.text)
    __aeabi_memset                           0x08000299   Thumb Code    14  memseta.o(.text)
    __aeabi_memset4                          0x08000299   Thumb Code     0  memseta.o(.text)
    __aeabi_memset8                          0x08000299   Thumb Code     0  memseta.o(.text)
    __aeabi_memclr                           0x080002a7   Thumb Code     4  memseta.o(.text)
    __aeabi_memclr4                          0x080002a7   Thumb Code     0  memseta.o(.text)
    __aeabi_memclr8                          0x080002a7   Thumb Code     0  memseta.o(.text)
    _memset$wrapper                          0x080002ab   Thumb Code    18  memseta.o(.text)
    memcmp                                   0x080002bd   Thumb Code    26  memcmp.o(.text)
    __aeabi_llsl                             0x080002d7   Thumb Code    30  llshl.o(.text)
    _ll_shift_l                              0x080002d7   Thumb Code     0  llshl.o(.text)
    __aeabi_llsr                             0x080002f5   Thumb Code    32  llushr.o(.text)
    _ll_ushift_r                             0x080002f5   Thumb Code     0  llushr.o(.text)
    __scatterload                            0x08000315   Thumb Code    28  init.o(.text)
    __scatterload_rt2                        0x08000315   Thumb Code     0  init.o(.text)
    BusFault_Handler                         0x08000339   Thumb Code     2  stm32f4xx_it.o(i.BusFault_Handler)
    DebugMon_Handler                         0x0800033b   Thumb Code     2  stm32f4xx_it.o(i.DebugMon_Handler)
    EXTI0_IRQHandler                         0x0800033d   Thumb Code     6  stm32f4xx_it.o(i.EXTI0_IRQHandler)
    Error_Handler                            0x08000343   Thumb Code     4  main.o(i.Error_Handler)
    HAL_DMA_Abort                            0x08000347   Thumb Code   146  stm32f4xx_hal_dma.o(i.HAL_DMA_Abort)
    HAL_DMA_Abort_IT                         0x080003d9   Thumb Code    36  stm32f4xx_hal_dma.o(i.HAL_DMA_Abort_IT)
    HAL_Delay                                0x080003fd   Thumb Code    32  stm32f4xx_hal.o(i.HAL_Delay)
    HAL_GPIO_EXTI_Callback                   0x08000421   Thumb Code     2  stm32f4xx_hal_gpio.o(i.HAL_GPIO_EXTI_Callback)
    HAL_GPIO_EXTI_IRQHandler                 0x08000425   Thumb Code    18  stm32f4xx_hal_gpio.o(i.HAL_GPIO_EXTI_IRQHandler)
    HAL_GPIO_Init                            0x0800043d   Thumb Code   446  stm32f4xx_hal_gpio.o(i.HAL_GPIO_Init)
    HAL_GPIO_WritePin                        0x0800061d   Thumb Code    10  stm32f4xx_hal_gpio.o(i.HAL_GPIO_WritePin)
    HAL_GetTick                              0x08000629   Thumb Code     6  stm32f4xx_hal.o(i.HAL_GetTick)
    HAL_I2C_Init                             0x08000635   Thumb Code   376  stm32f4xx_hal_i2c.o(i.HAL_I2C_Init)
    HAL_I2C_Master_Transmit                  0x080007bd   Thumb Code   290  stm32f4xx_hal_i2c.o(i.HAL_I2C_Master_Transmit)
    HAL_I2C_Mem_Read                         0x080008e9   Thumb Code   490  stm32f4xx_hal_i2c.o(i.HAL_I2C_Mem_Read)
    HAL_I2C_Mem_Write                        0x08000ae1   Thumb Code   294  stm32f4xx_hal_i2c.o(i.HAL_I2C_Mem_Write)
    HAL_I2C_MspInit                          0x08000c11   Thumb Code    92  i2c.o(i.HAL_I2C_MspInit)
    HAL_IncTick                              0x08000c79   Thumb Code    12  stm32f4xx_hal.o(i.HAL_IncTick)
    HAL_Init                                 0x08000c89   Thumb Code    48  stm32f4xx_hal.o(i.HAL_Init)
    HAL_InitTick                             0x08000cbd   Thumb Code    54  stm32f4xx_hal.o(i.HAL_InitTick)
    HAL_MspInit                              0x08000cfd   Thumb Code    42  stm32f4xx_hal_msp.o(i.HAL_MspInit)
    HAL_NVIC_EnableIRQ                       0x08000d2d   Thumb Code    26  stm32f4xx_hal_cortex.o(i.HAL_NVIC_EnableIRQ)
    HAL_NVIC_SetPriority                     0x08000d49   Thumb Code    60  stm32f4xx_hal_cortex.o(i.HAL_NVIC_SetPriority)
    HAL_NVIC_SetPriorityGrouping             0x08000d89   Thumb Code    26  stm32f4xx_hal_cortex.o(i.HAL_NVIC_SetPriorityGrouping)
    HAL_RCC_ClockConfig                      0x08000dad   Thumb Code   288  stm32f4xx_hal_rcc.o(i.HAL_RCC_ClockConfig)
    HAL_RCC_GetPCLK1Freq                     0x08000ee1   Thumb Code    20  stm32f4xx_hal_rcc.o(i.HAL_RCC_GetPCLK1Freq)
    HAL_RCC_GetPCLK2Freq                     0x08000f01   Thumb Code    20  stm32f4xx_hal_rcc.o(i.HAL_RCC_GetPCLK2Freq)
    HAL_RCC_GetSysClockFreq                  0x08000f21   Thumb Code    88  stm32f4xx_hal_rcc.o(i.HAL_RCC_GetSysClockFreq)
    HAL_RCC_OscConfig                        0x08000f85   Thumb Code   856  stm32f4xx_hal_rcc.o(i.HAL_RCC_OscConfig)
    HAL_SYSTICK_Config                       0x080012f1   Thumb Code    40  stm32f4xx_hal_cortex.o(i.HAL_SYSTICK_Config)
    HAL_TIMEx_BreakCallback                  0x08001319   Thumb Code     2  stm32f4xx_hal_tim_ex.o(i.HAL_TIMEx_BreakCallback)
    HAL_TIMEx_CommutCallback                 0x0800131b   Thumb Code     2  stm32f4xx_hal_tim_ex.o(i.HAL_TIMEx_CommutCallback)
    HAL_TIMEx_MasterConfigSynchronization    0x0800131d   Thumb Code   104  stm32f4xx_hal_tim_ex.o(i.HAL_TIMEx_MasterConfigSynchronization)
    HAL_TIM_Base_Init                        0x08001399   Thumb Code    90  stm32f4xx_hal_tim.o(i.HAL_TIM_Base_Init)
    HAL_TIM_Base_MspInit                     0x080013f5   Thumb Code    50  tim.o(i.HAL_TIM_Base_MspInit)
    HAL_TIM_IC_CaptureCallback               0x08001431   Thumb Code     2  stm32f4xx_hal_tim.o(i.HAL_TIM_IC_CaptureCallback)
    HAL_TIM_IRQHandler                       0x08001433   Thumb Code   358  stm32f4xx_hal_tim.o(i.HAL_TIM_IRQHandler)
    HAL_TIM_MspPostInit                      0x08001599   Thumb Code    68  tim.o(i.HAL_TIM_MspPostInit)
    HAL_TIM_OC_DelayElapsedCallback          0x080015e9   Thumb Code     2  stm32f4xx_hal_tim.o(i.HAL_TIM_OC_DelayElapsedCallback)
    HAL_TIM_PWM_ConfigChannel                0x080015eb   Thumb Code   204  stm32f4xx_hal_tim.o(i.HAL_TIM_PWM_ConfigChannel)
    HAL_TIM_PWM_Init                         0x080016b7   Thumb Code    90  stm32f4xx_hal_tim.o(i.HAL_TIM_PWM_Init)
    HAL_TIM_PWM_MspInit                      0x08001711   Thumb Code    30  tim.o(i.HAL_TIM_PWM_MspInit)
    HAL_TIM_PWM_PulseFinishedCallback        0x08001739   Thumb Code     2  stm32f4xx_hal_tim.o(i.HAL_TIM_PWM_PulseFinishedCallback)
    HAL_TIM_PeriodElapsedCallback            0x0800173b   Thumb Code     2  stm32f4xx_hal_tim.o(i.HAL_TIM_PeriodElapsedCallback)
    HAL_TIM_TriggerCallback                  0x0800173d   Thumb Code     2  stm32f4xx_hal_tim.o(i.HAL_TIM_TriggerCallback)
    HAL_UARTEx_RxEventCallback               0x0800173f   Thumb Code     2  stm32f4xx_hal_uart.o(i.HAL_UARTEx_RxEventCallback)
    HAL_UART_ErrorCallback                   0x08001741   Thumb Code     2  stm32f4xx_hal_uart.o(i.HAL_UART_ErrorCallback)
    HAL_UART_IRQHandler                      0x08001745   Thumb Code   610  stm32f4xx_hal_uart.o(i.HAL_UART_IRQHandler)
    HAL_UART_Init                            0x080019ad   Thumb Code    98  stm32f4xx_hal_uart.o(i.HAL_UART_Init)
    HAL_UART_MspInit                         0x08001a11   Thumb Code   182  usart.o(i.HAL_UART_MspInit)
    HAL_UART_RxCpltCallback                  0x08001ad9   Thumb Code     2  stm32f4xx_hal_uart.o(i.HAL_UART_RxCpltCallback)
    HAL_UART_Transmit                        0x08001add   Thumb Code   178  stm32f4xx_hal_uart.o(i.HAL_UART_Transmit)
    HAL_UART_TxCpltCallback                  0x08001b8f   Thumb Code     2  stm32f4xx_hal_uart.o(i.HAL_UART_TxCpltCallback)
    HardFault_Handler                        0x08001b91   Thumb Code     2  stm32f4xx_it.o(i.HardFault_Handler)
    MPU6050_Init                             0x08001ffd   Thumb Code    38  mpu6050.o(i.MPU6050_Init)
    MPU_Init                                 0x08002023   Thumb Code   114  mpu6050.o(i.MPU_Init)
    MPU_Read_Byte                            0x08002095   Thumb Code    38  mpu6050.o(i.MPU_Read_Byte)
    MPU_Read_Len                             0x080020c1   Thumb Code    32  mpu6050.o(i.MPU_Read_Len)
    MPU_Set_Accel_Fsr                        0x080020e5   Thumb Code    10  mpu6050.o(i.MPU_Set_Accel_Fsr)
    MPU_Set_Gyro_Fsr                         0x080020ef   Thumb Code    10  mpu6050.o(i.MPU_Set_Gyro_Fsr)
    MPU_Set_LPF                              0x080020f9   Thumb Code    48  mpu6050.o(i.MPU_Set_LPF)
    MPU_Set_Rate                             0x08002129   Thumb Code    46  mpu6050.o(i.MPU_Set_Rate)
    MPU_Write_Byte                           0x08002159   Thumb Code    36  mpu6050.o(i.MPU_Write_Byte)
    MPU_Write_Len                            0x08002181   Thumb Code    32  mpu6050.o(i.MPU_Write_Len)
    MX_GPIO_Init                             0x080021a5   Thumb Code   206  gpio.o(i.MX_GPIO_Init)
    MX_I2C1_Init                             0x08002285   Thumb Code    50  i2c.o(i.MX_I2C1_Init)
    MX_TIM10_Init                            0x080022c5   Thumb Code    46  tim.o(i.MX_TIM10_Init)
    MX_TIM3_Init                             0x080022fd   Thumb Code   118  tim.o(i.MX_TIM3_Init)
    MX_USART1_UART_Init                      0x0800237d   Thumb Code    48  usart.o(i.MX_USART1_UART_Init)
    MX_USART2_UART_Init                      0x080023b5   Thumb Code    48  usart.o(i.MX_USART2_UART_Init)
    MemManage_Handler                        0x080023ed   Thumb Code     2  stm32f4xx_it.o(i.MemManage_Handler)
    NMI_Handler                              0x080023ef   Thumb Code     2  stm32f4xx_it.o(i.NMI_Handler)
    OLED_Clear                               0x080023f1   Thumb Code    40  oled.o(i.OLED_Clear)
    OLED_Init                                0x0800241d   Thumb Code   234  oled.o(i.OLED_Init)
    OLED_Refresh                             0x08002509   Thumb Code    46  oled.o(i.OLED_Refresh)
    OLED_WR_Byte                             0x0800253d   Thumb Code    30  oled.o(i.OLED_WR_Byte)
    OLED_set_pos                             0x08002565   Thumb Code    40  oled.o(i.OLED_set_pos)
    PendSV_Handler                           0x0800258d   Thumb Code     2  stm32f4xx_it.o(i.PendSV_Handler)
    SVC_Handler                              0x0800258f   Thumb Code     2  stm32f4xx_it.o(i.SVC_Handler)
    SysTick_Handler                          0x08002591   Thumb Code     4  stm32f4xx_it.o(i.SysTick_Handler)
    SystemClock_Config                       0x08002595   Thumb Code   134  main.o(i.SystemClock_Config)
    SystemInit                               0x08002625   Thumb Code    12  system_stm32f4xx.o(i.SystemInit)
    TIM1_UP_TIM10_IRQHandler                 0x08002635   Thumb Code     6  stm32f4xx_it.o(i.TIM1_UP_TIM10_IRQHandler)
    TIM_Base_SetConfig                       0x08002641   Thumb Code   122  stm32f4xx_hal_tim.o(i.TIM_Base_SetConfig)
    TIM_OC2_SetConfig                        0x08002729   Thumb Code    84  stm32f4xx_hal_tim.o(i.TIM_OC2_SetConfig)
    USART1_IRQHandler                        0x08002ac1   Thumb Code     6  stm32f4xx_it.o(i.USART1_IRQHandler)
    USART2_IRQHandler                        0x08002acd   Thumb Code     6  stm32f4xx_it.o(i.USART2_IRQHandler)
    USART_Init                               0x08002ad9   Thumb Code     2  bsp_usart.o(i.USART_Init)
    UsageFault_Handler                       0x08002adb   Thumb Code     2  stm32f4xx_it.o(i.UsageFault_Handler)
    __0printf$8                              0x08002add   Thumb Code    22  printf8.o(i.__0printf$8)
    __1printf$8                              0x08002add   Thumb Code     0  printf8.o(i.__0printf$8)
    __2printf                                0x08002add   Thumb Code     0  printf8.o(i.__0printf$8)
    __scatterload_copy                       0x08002b1d   Thumb Code    14  handlers.o(i.__scatterload_copy)
    __scatterload_null                       0x08002b2b   Thumb Code     2  handlers.o(i.__scatterload_null)
    __scatterload_zeroinit                   0x08002b2d   Thumb Code    14  handlers.o(i.__scatterload_zeroinit)
    dmp_enable_6x_lp_quat                    0x08003025   Thumb Code    58  inv_mpu_dmp_motion_driver.o(i.dmp_enable_6x_lp_quat)
    dmp_enable_feature                       0x08003061   Thumb Code   464  inv_mpu_dmp_motion_driver.o(i.dmp_enable_feature)
    dmp_enable_gyro_cal                      0x08003239   Thumb Code    34  inv_mpu_dmp_motion_driver.o(i.dmp_enable_gyro_cal)
    dmp_enable_lp_quat                       0x08003275   Thumb Code    58  inv_mpu_dmp_motion_driver.o(i.dmp_enable_lp_quat)
    dmp_load_motion_driver_firmware          0x080032b1   Thumb Code    16  inv_mpu_dmp_motion_driver.o(i.dmp_load_motion_driver_firmware)
    dmp_set_accel_bias                       0x080032c5   Thumb Code   210  inv_mpu_dmp_motion_driver.o(i.dmp_set_accel_bias)
    dmp_set_fifo_rate                        0x0800339d   Thumb Code    82  inv_mpu_dmp_motion_driver.o(i.dmp_set_fifo_rate)
    dmp_set_gyro_bias                        0x08003401   Thumb Code   196  inv_mpu_dmp_motion_driver.o(i.dmp_set_gyro_bias)
    dmp_set_orientation                      0x080034cd   Thumb Code   246  inv_mpu_dmp_motion_driver.o(i.dmp_set_orientation)
    dmp_set_shake_reject_thresh              0x080035d9   Thumb Code    48  inv_mpu_dmp_motion_driver.o(i.dmp_set_shake_reject_thresh)
    dmp_set_shake_reject_time                0x08003609   Thumb Code    32  inv_mpu_dmp_motion_driver.o(i.dmp_set_shake_reject_time)
    dmp_set_shake_reject_timeout             0x08003629   Thumb Code    32  inv_mpu_dmp_motion_driver.o(i.dmp_set_shake_reject_timeout)
    dmp_set_tap_axes                         0x08003649   Thumb Code    64  inv_mpu_dmp_motion_driver.o(i.dmp_set_tap_axes)
    dmp_set_tap_count                        0x08003689   Thumb Code    34  inv_mpu_dmp_motion_driver.o(i.dmp_set_tap_count)
    dmp_set_tap_thresh                       0x080036ad   Thumb Code   314  inv_mpu_dmp_motion_driver.o(i.dmp_set_tap_thresh)
    dmp_set_tap_time                         0x0800380d   Thumb Code    32  inv_mpu_dmp_motion_driver.o(i.dmp_set_tap_time)
    dmp_set_tap_time_multi                   0x0800382d   Thumb Code    32  inv_mpu_dmp_motion_driver.o(i.dmp_set_tap_time_multi)
    fputc                                    0x0800384d   Thumb Code    20  bsp_usart.o(i.fputc)
    inv_orientation_matrix_to_scalar         0x08003d01   Thumb Code    34  inv_mpu.o(i.inv_orientation_matrix_to_scalar)
    inv_row_2_scale                          0x08003d23   Thumb Code    72  inv_mpu.o(i.inv_row_2_scale)
    main                                     0x08003d6b   Thumb Code    46  main.o(i.main)
    mpu_configure_fifo                       0x08003d99   Thumb Code    78  inv_mpu.o(i.mpu_configure_fifo)
    mpu_dmp_init                             0x08003ded   Thumb Code   156  inv_mpu.o(i.mpu_dmp_init)
    mpu_get_accel_fsr                        0x08003e8d   Thumb Code    54  inv_mpu.o(i.mpu_get_accel_fsr)
    mpu_get_accel_sens                       0x08003ec9   Thumb Code    62  inv_mpu.o(i.mpu_get_accel_sens)
    mpu_get_gyro_fsr                         0x08003f0d   Thumb Code    48  inv_mpu.o(i.mpu_get_gyro_fsr)
    mpu_get_gyro_sens                        0x08003f41   Thumb Code    54  inv_mpu.o(i.mpu_get_gyro_sens)
    mpu_get_lpf                              0x08003f8d   Thumb Code    52  inv_mpu.o(i.mpu_get_lpf)
    mpu_get_sample_rate                      0x08003fc5   Thumb Code    22  inv_mpu.o(i.mpu_get_sample_rate)
    mpu_init                                 0x08003fe1   Thumb Code   310  inv_mpu.o(i.mpu_init)
    mpu_load_firmware                        0x08004169   Thumb Code   154  inv_mpu.o(i.mpu_load_firmware)
    mpu_lp_accel_mode                        0x08004209   Thumb Code   178  inv_mpu.o(i.mpu_lp_accel_mode)
    mpu_read_mem                             0x080042c1   Thumb Code    80  inv_mpu.o(i.mpu_read_mem)
    mpu_reset_fifo                           0x08004315   Thumb Code   346  inv_mpu.o(i.mpu_reset_fifo)
    mpu_run_self_test                        0x08004475   Thumb Code   234  inv_mpu.o(i.mpu_run_self_test)
    mpu_set_accel_fsr                        0x08004565   Thumb Code    98  inv_mpu.o(i.mpu_set_accel_fsr)
    mpu_set_bypass                           0x080045cd   Thumb Code   214  inv_mpu.o(i.mpu_set_bypass)
    mpu_set_dmp_state                        0x080046a9   Thumb Code   114  inv_mpu.o(i.mpu_set_dmp_state)
    mpu_set_gyro_fsr                         0x08004721   Thumb Code   104  inv_mpu.o(i.mpu_set_gyro_fsr)
    mpu_set_int_latched                      0x0800478d   Thumb Code    94  inv_mpu.o(i.mpu_set_int_latched)
    mpu_set_lpf                              0x080047f1   Thumb Code   102  inv_mpu.o(i.mpu_set_lpf)
    mpu_set_sample_rate                      0x0800485d   Thumb Code   124  inv_mpu.o(i.mpu_set_sample_rate)
    mpu_set_sensors                          0x080048dd   Thumb Code   178  inv_mpu.o(i.mpu_set_sensors)
    mpu_write_mem                            0x08004995   Thumb Code    80  inv_mpu.o(i.mpu_write_mem)
    run_self_test                            0x080049e9   Thumb Code   136  inv_mpu.o(i.run_self_test)
    AHBPrescTable                            0x08004ac8   Data          16  system_stm32f4xx.o(.constdata)
    APBPrescTable                            0x08004ad8   Data           8  system_stm32f4xx.o(.constdata)
    reg                                      0x08004ae0   Data          27  inv_mpu.o(.constdata)
    hw                                       0x08004afc   Data          12  inv_mpu.o(.constdata)
    test                                     0x08004b08   Data          40  inv_mpu.o(.constdata)
    Region$$Table$$Base                      0x08005778   Number         0  anon$$obj.o(Region$$Table)
    Region$$Table$$Limit                     0x08005798   Number         0  anon$$obj.o(Region$$Table)
    uwTickFreq                               0x20000000   Data           1  stm32f4xx_hal.o(.data)
    uwTickPrio                               0x20000004   Data           4  stm32f4xx_hal.o(.data)
    uwTick                                   0x20000008   Data           4  stm32f4xx_hal.o(.data)
    SystemCoreClock                          0x2000000c   Data           4  system_stm32f4xx.o(.data)
    __stdout                                 0x2000004c   Data           4  stdout.o(.data)
    hi2c1                                    0x20000050   Data          84  i2c.o(.bss)
    htim3                                    0x200000a4   Data          72  tim.o(.bss)
    htim10                                   0x200000ec   Data          72  tim.o(.bss)
    huart1                                   0x20000134   Data          68  usart.o(.bss)
    huart2                                   0x20000178   Data          68  usart.o(.bss)
    OLED_GRAM                                0x200001bc   Data        1152  oled.o(.bss)
    __initial_sp                             0x20000a50   Data           0  startup_stm32f411xe.o(STACK)



==============================================================================

Memory Map of the image

  Image Entry point : 0x08000199

  Load Region LR_IROM1 (Base: 0x08000000, Size: 0x000057e8, Max: 0x00080000, ABSOLUTE)

    Execution Region ER_IROM1 (Exec base: 0x08000000, Load base: 0x08000000, Size: 0x00005798, Max: 0x00080000, ABSOLUTE)

    Exec Addr    Load Addr    Size         Type   Attr      Idx    E Section Name        Object

    0x08000000   0x08000000   0x00000198   Data   RO            3    RESET               startup_stm32f411xe.o
    0x08000198   0x08000198   0x00000000   Code   RO         4539  * .ARM.Collect$$$$00000000  mc_w.l(entry.o)
    0x08000198   0x08000198   0x00000004   Code   RO         4874    .ARM.Collect$$$$00000001  mc_w.l(entry2.o)
    0x0800019c   0x0800019c   0x00000004   Code   RO         4877    .ARM.Collect$$$$00000004  mc_w.l(entry5.o)
    0x080001a0   0x080001a0   0x00000000   Code   RO         4879    .ARM.Collect$$$$00000008  mc_w.l(entry7b.o)
    0x080001a0   0x080001a0   0x00000000   Code   RO         4881    .ARM.Collect$$$$0000000A  mc_w.l(entry8b.o)
    0x080001a0   0x080001a0   0x00000008   Code   RO         4882    .ARM.Collect$$$$0000000B  mc_w.l(entry9a.o)
    0x080001a8   0x080001a8   0x00000004   Code   RO         4889    .ARM.Collect$$$$0000000E  mc_w.l(entry12b.o)
    0x080001ac   0x080001ac   0x00000000   Code   RO         4884    .ARM.Collect$$$$0000000F  mc_w.l(entry10a.o)
    0x080001ac   0x080001ac   0x00000000   Code   RO         4886    .ARM.Collect$$$$00000011  mc_w.l(entry11a.o)
    0x080001ac   0x080001ac   0x00000004   Code   RO         4875    .ARM.Collect$$$$00002712  mc_w.l(entry2.o)
    0x080001b0   0x080001b0   0x00000024   Code   RO            4    .text               startup_stm32f411xe.o
    0x080001d4   0x080001d4   0x00000062   Code   RO         4542    .text               mc_w.l(uldiv.o)
    0x08000236   0x08000236   0x00000062   Code   RO         4544    .text               mc_w.l(ldiv.o)
    0x08000298   0x08000298   0x00000024   Code   RO         4546    .text               mc_w.l(memseta.o)
    0x080002bc   0x080002bc   0x0000001a   Code   RO         4548    .text               mc_w.l(memcmp.o)
    0x080002d6   0x080002d6   0x0000001e   Code   RO         4893    .text               mc_w.l(llshl.o)
    0x080002f4   0x080002f4   0x00000020   Code   RO         4895    .text               mc_w.l(llushr.o)
    0x08000314   0x08000314   0x00000024   Code   RO         4919    .text               mc_w.l(init.o)
    0x08000338   0x08000338   0x00000002   Code   RO          471    i.BusFault_Handler  stm32f4xx_it.o
    0x0800033a   0x0800033a   0x00000002   Code   RO          472    i.DebugMon_Handler  stm32f4xx_it.o
    0x0800033c   0x0800033c   0x00000006   Code   RO          473    i.EXTI0_IRQHandler  stm32f4xx_it.o
    0x08000342   0x08000342   0x00000004   Code   RO           13    i.Error_Handler     main.o
    0x08000346   0x08000346   0x00000092   Code   RO         1573    i.HAL_DMA_Abort     stm32f4xx_hal_dma.o
    0x080003d8   0x080003d8   0x00000024   Code   RO         1574    i.HAL_DMA_Abort_IT  stm32f4xx_hal_dma.o
    0x080003fc   0x080003fc   0x00000024   Code   RO         2016    i.HAL_Delay         stm32f4xx_hal.o
    0x08000420   0x08000420   0x00000002   Code   RO         1464    i.HAL_GPIO_EXTI_Callback  stm32f4xx_hal_gpio.o
    0x08000422   0x08000422   0x00000002   PAD
    0x08000424   0x08000424   0x00000018   Code   RO         1465    i.HAL_GPIO_EXTI_IRQHandler  stm32f4xx_hal_gpio.o
    0x0800043c   0x0800043c   0x000001e0   Code   RO         1466    i.HAL_GPIO_Init     stm32f4xx_hal_gpio.o
    0x0800061c   0x0800061c   0x0000000a   Code   RO         1470    i.HAL_GPIO_WritePin  stm32f4xx_hal_gpio.o
    0x08000626   0x08000626   0x00000002   PAD
    0x08000628   0x08000628   0x0000000c   Code   RO         2022    i.HAL_GetTick       stm32f4xx_hal.o
    0x08000634   0x08000634   0x00000188   Code   RO          606    i.HAL_I2C_Init      stm32f4xx_hal_i2c.o
    0x080007bc   0x080007bc   0x0000012c   Code   RO          619    i.HAL_I2C_Master_Transmit  stm32f4xx_hal_i2c.o
    0x080008e8   0x080008e8   0x000001f8   Code   RO          624    i.HAL_I2C_Mem_Read  stm32f4xx_hal_i2c.o
    0x08000ae0   0x08000ae0   0x00000130   Code   RO          627    i.HAL_I2C_Mem_Write  stm32f4xx_hal_i2c.o
    0x08000c10   0x08000c10   0x00000068   Code   RO          316    i.HAL_I2C_MspInit   i2c.o
    0x08000c78   0x08000c78   0x00000010   Code   RO         2028    i.HAL_IncTick       stm32f4xx_hal.o
    0x08000c88   0x08000c88   0x00000034   Code   RO         2029    i.HAL_Init          stm32f4xx_hal.o
    0x08000cbc   0x08000cbc   0x00000040   Code   RO         2030    i.HAL_InitTick      stm32f4xx_hal.o
    0x08000cfc   0x08000cfc   0x00000030   Code   RO          571    i.HAL_MspInit       stm32f4xx_hal_msp.o
    0x08000d2c   0x08000d2c   0x0000001a   Code   RO         1879    i.HAL_NVIC_EnableIRQ  stm32f4xx_hal_cortex.o
    0x08000d46   0x08000d46   0x00000002   PAD
    0x08000d48   0x08000d48   0x00000040   Code   RO         1885    i.HAL_NVIC_SetPriority  stm32f4xx_hal_cortex.o
    0x08000d88   0x08000d88   0x00000024   Code   RO         1886    i.HAL_NVIC_SetPriorityGrouping  stm32f4xx_hal_cortex.o
    0x08000dac   0x08000dac   0x00000134   Code   RO         1058    i.HAL_RCC_ClockConfig  stm32f4xx_hal_rcc.o
    0x08000ee0   0x08000ee0   0x00000020   Code   RO         1065    i.HAL_RCC_GetPCLK1Freq  stm32f4xx_hal_rcc.o
    0x08000f00   0x08000f00   0x00000020   Code   RO         1066    i.HAL_RCC_GetPCLK2Freq  stm32f4xx_hal_rcc.o
    0x08000f20   0x08000f20   0x00000064   Code   RO         1067    i.HAL_RCC_GetSysClockFreq  stm32f4xx_hal_rcc.o
    0x08000f84   0x08000f84   0x0000036c   Code   RO         1070    i.HAL_RCC_OscConfig  stm32f4xx_hal_rcc.o
    0x080012f0   0x080012f0   0x00000028   Code   RO         1890    i.HAL_SYSTICK_Config  stm32f4xx_hal_cortex.o
    0x08001318   0x08001318   0x00000002   Code   RO         2973    i.HAL_TIMEx_BreakCallback  stm32f4xx_hal_tim_ex.o
    0x0800131a   0x0800131a   0x00000002   Code   RO         2974    i.HAL_TIMEx_CommutCallback  stm32f4xx_hal_tim_ex.o
    0x0800131c   0x0800131c   0x0000007c   Code   RO         2992    i.HAL_TIMEx_MasterConfigSynchronization  stm32f4xx_hal_tim_ex.o
    0x08001398   0x08001398   0x0000005a   Code   RO         2269    i.HAL_TIM_Base_Init  stm32f4xx_hal_tim.o
    0x080013f2   0x080013f2   0x00000002   PAD
    0x080013f4   0x080013f4   0x0000003c   Code   RO          358    i.HAL_TIM_Base_MspInit  tim.o
    0x08001430   0x08001430   0x00000002   Code   RO         2303    i.HAL_TIM_IC_CaptureCallback  stm32f4xx_hal_tim.o
    0x08001432   0x08001432   0x00000166   Code   RO         2317    i.HAL_TIM_IRQHandler  stm32f4xx_hal_tim.o
    0x08001598   0x08001598   0x00000050   Code   RO          359    i.HAL_TIM_MspPostInit  tim.o
    0x080015e8   0x080015e8   0x00000002   Code   RO         2320    i.HAL_TIM_OC_DelayElapsedCallback  stm32f4xx_hal_tim.o
    0x080015ea   0x080015ea   0x000000cc   Code   RO         2341    i.HAL_TIM_PWM_ConfigChannel  stm32f4xx_hal_tim.o
    0x080016b6   0x080016b6   0x0000005a   Code   RO         2344    i.HAL_TIM_PWM_Init  stm32f4xx_hal_tim.o
    0x08001710   0x08001710   0x00000028   Code   RO          361    i.HAL_TIM_PWM_MspInit  tim.o
    0x08001738   0x08001738   0x00000002   Code   RO         2347    i.HAL_TIM_PWM_PulseFinishedCallback  stm32f4xx_hal_tim.o
    0x0800173a   0x0800173a   0x00000002   Code   RO         2355    i.HAL_TIM_PeriodElapsedCallback  stm32f4xx_hal_tim.o
    0x0800173c   0x0800173c   0x00000002   Code   RO         2360    i.HAL_TIM_TriggerCallback  stm32f4xx_hal_tim.o
    0x0800173e   0x0800173e   0x00000002   Code   RO         3251    i.HAL_UARTEx_RxEventCallback  stm32f4xx_hal_uart.o
    0x08001740   0x08001740   0x00000002   Code   RO         3265    i.HAL_UART_ErrorCallback  stm32f4xx_hal_uart.o
    0x08001742   0x08001742   0x00000002   PAD
    0x08001744   0x08001744   0x00000268   Code   RO         3268    i.HAL_UART_IRQHandler  stm32f4xx_hal_uart.o
    0x080019ac   0x080019ac   0x00000062   Code   RO         3269    i.HAL_UART_Init     stm32f4xx_hal_uart.o
    0x08001a0e   0x08001a0e   0x00000002   PAD
    0x08001a10   0x08001a10   0x000000c8   Code   RO          424    i.HAL_UART_MspInit  usart.o
    0x08001ad8   0x08001ad8   0x00000002   Code   RO         3275    i.HAL_UART_RxCpltCallback  stm32f4xx_hal_uart.o
    0x08001ada   0x08001ada   0x00000002   PAD
    0x08001adc   0x08001adc   0x000000b2   Code   RO         3277    i.HAL_UART_Transmit  stm32f4xx_hal_uart.o
    0x08001b8e   0x08001b8e   0x00000002   Code   RO         3280    i.HAL_UART_TxCpltCallback  stm32f4xx_hal_uart.o
    0x08001b90   0x08001b90   0x00000002   Code   RO          474    i.HardFault_Handler  stm32f4xx_it.o
    0x08001b92   0x08001b92   0x0000002e   Code   RO          648    i.I2C_IsAcknowledgeFailed  stm32f4xx_hal_i2c.o
    0x08001bc0   0x08001bc0   0x0000009c   Code   RO          652    i.I2C_MasterRequestWrite  stm32f4xx_hal_i2c.o
    0x08001c5c   0x08001c5c   0x000000fc   Code   RO          658    i.I2C_RequestMemoryRead  stm32f4xx_hal_i2c.o
    0x08001d58   0x08001d58   0x000000a8   Code   RO          659    i.I2C_RequestMemoryWrite  stm32f4xx_hal_i2c.o
    0x08001e00   0x08001e00   0x0000004c   Code   RO          663    i.I2C_WaitOnBTFFlagUntilTimeout  stm32f4xx_hal_i2c.o
    0x08001e4c   0x08001e4c   0x00000068   Code   RO          664    i.I2C_WaitOnFlagUntilTimeout  stm32f4xx_hal_i2c.o
    0x08001eb4   0x08001eb4   0x00000096   Code   RO          665    i.I2C_WaitOnMasterAddressFlagUntilTimeout  stm32f4xx_hal_i2c.o
    0x08001f4a   0x08001f4a   0x00000066   Code   RO          666    i.I2C_WaitOnRXNEFlagUntilTimeout  stm32f4xx_hal_i2c.o
    0x08001fb0   0x08001fb0   0x0000004c   Code   RO          667    i.I2C_WaitOnTXEFlagUntilTimeout  stm32f4xx_hal_i2c.o
    0x08001ffc   0x08001ffc   0x00000026   Code   RO         3866    i.MPU6050_Init      mpu6050.o
    0x08002022   0x08002022   0x00000072   Code   RO         3870    i.MPU_Init          mpu6050.o
    0x08002094   0x08002094   0x0000002c   Code   RO         3871    i.MPU_Read_Byte     mpu6050.o
    0x080020c0   0x080020c0   0x00000024   Code   RO         3872    i.MPU_Read_Len      mpu6050.o
    0x080020e4   0x080020e4   0x0000000a   Code   RO         3873    i.MPU_Set_Accel_Fsr  mpu6050.o
    0x080020ee   0x080020ee   0x0000000a   Code   RO         3874    i.MPU_Set_Gyro_Fsr  mpu6050.o
    0x080020f8   0x080020f8   0x00000030   Code   RO         3875    i.MPU_Set_LPF       mpu6050.o
    0x08002128   0x08002128   0x0000002e   Code   RO         3876    i.MPU_Set_Rate      mpu6050.o
    0x08002156   0x08002156   0x00000002   PAD
    0x08002158   0x08002158   0x00000028   Code   RO         3877    i.MPU_Write_Byte    mpu6050.o
    0x08002180   0x08002180   0x00000024   Code   RO         3878    i.MPU_Write_Len     mpu6050.o
    0x080021a4   0x080021a4   0x000000e0   Code   RO          192    i.MX_GPIO_Init      gpio.o
    0x08002284   0x08002284   0x00000040   Code   RO          317    i.MX_I2C1_Init      i2c.o
    0x080022c4   0x080022c4   0x00000038   Code   RO          362    i.MX_TIM10_Init     tim.o
    0x080022fc   0x080022fc   0x00000080   Code   RO          363    i.MX_TIM3_Init      tim.o
    0x0800237c   0x0800237c   0x00000038   Code   RO          425    i.MX_USART1_UART_Init  usart.o
    0x080023b4   0x080023b4   0x00000038   Code   RO          426    i.MX_USART2_UART_Init  usart.o
    0x080023ec   0x080023ec   0x00000002   Code   RO          475    i.MemManage_Handler  stm32f4xx_it.o
    0x080023ee   0x080023ee   0x00000002   Code   RO          476    i.NMI_Handler       stm32f4xx_it.o
    0x080023f0   0x080023f0   0x0000002c   Code   RO         3714    i.OLED_Clear        oled.o
    0x0800241c   0x0800241c   0x000000ea   Code   RO         3722    i.OLED_Init         oled.o
    0x08002506   0x08002506   0x00000002   PAD
    0x08002508   0x08002508   0x00000034   Code   RO         3724    i.OLED_Refresh      oled.o
    0x0800253c   0x0800253c   0x00000028   Code   RO         3731    i.OLED_WR_Byte      oled.o
    0x08002564   0x08002564   0x00000028   Code   RO         3732    i.OLED_set_pos      oled.o
    0x0800258c   0x0800258c   0x00000002   Code   RO          477    i.PendSV_Handler    stm32f4xx_it.o
    0x0800258e   0x0800258e   0x00000002   Code   RO          478    i.SVC_Handler       stm32f4xx_it.o
    0x08002590   0x08002590   0x00000004   Code   RO          479    i.SysTick_Handler   stm32f4xx_it.o
    0x08002594   0x08002594   0x00000090   Code   RO           14    i.SystemClock_Config  main.o
    0x08002624   0x08002624   0x00000010   Code   RO         3598    i.SystemInit        system_stm32f4xx.o
    0x08002634   0x08002634   0x0000000c   Code   RO          480    i.TIM1_UP_TIM10_IRQHandler  stm32f4xx_it.o
    0x08002640   0x08002640   0x00000098   Code   RO         2362    i.TIM_Base_SetConfig  stm32f4xx_hal_tim.o
    0x080026d8   0x080026d8   0x00000050   Code   RO         2375    i.TIM_OC1_SetConfig  stm32f4xx_hal_tim.o
    0x08002728   0x08002728   0x00000058   Code   RO         2376    i.TIM_OC2_SetConfig  stm32f4xx_hal_tim.o
    0x08002780   0x08002780   0x00000058   Code   RO         2377    i.TIM_OC3_SetConfig  stm32f4xx_hal_tim.o
    0x080027d8   0x080027d8   0x00000044   Code   RO         2378    i.TIM_OC4_SetConfig  stm32f4xx_hal_tim.o
    0x0800281c   0x0800281c   0x00000010   Code   RO         3282    i.UART_DMAAbortOnError  stm32f4xx_hal_uart.o
    0x0800282c   0x0800282c   0x0000004e   Code   RO         3292    i.UART_EndRxTransfer  stm32f4xx_hal_uart.o
    0x0800287a   0x0800287a   0x000000c0   Code   RO         3294    i.UART_Receive_IT   stm32f4xx_hal_uart.o
    0x0800293a   0x0800293a   0x00000002   PAD
    0x0800293c   0x0800293c   0x0000010c   Code   RO         3295    i.UART_SetConfig    stm32f4xx_hal_uart.o
    0x08002a48   0x08002a48   0x00000078   Code   RO         3298    i.UART_WaitOnFlagUntilTimeout  stm32f4xx_hal_uart.o
    0x08002ac0   0x08002ac0   0x0000000c   Code   RO          481    i.USART1_IRQHandler  stm32f4xx_it.o
    0x08002acc   0x08002acc   0x0000000c   Code   RO          482    i.USART2_IRQHandler  stm32f4xx_it.o
    0x08002ad8   0x08002ad8   0x00000002   Code   RO         3635    i.USART_Init        bsp_usart.o
    0x08002ada   0x08002ada   0x00000002   Code   RO          483    i.UsageFault_Handler  stm32f4xx_it.o
    0x08002adc   0x08002adc   0x00000020   Code   RO         4757    i.__0printf$8       mc_w.l(printf8.o)
    0x08002afc   0x08002afc   0x00000020   Code   RO         1892    i.__NVIC_SetPriority  stm32f4xx_hal_cortex.o
    0x08002b1c   0x08002b1c   0x0000000e   Code   RO         4925    i.__scatterload_copy  mc_w.l(handlers.o)
    0x08002b2a   0x08002b2a   0x00000002   Code   RO         4926    i.__scatterload_null  mc_w.l(handlers.o)
    0x08002b2c   0x08002b2c   0x0000000e   Code   RO         4927    i.__scatterload_zeroinit  mc_w.l(handlers.o)
    0x08002b3a   0x08002b3a   0x00000002   PAD
    0x08002b3c   0x08002b3c   0x00000404   Code   RO         4764    i._printf_core      mc_w.l(printf8.o)
    0x08002f40   0x08002f40   0x00000024   Code   RO         4765    i._printf_post_padding  mc_w.l(printf8.o)
    0x08002f64   0x08002f64   0x0000002e   Code   RO         4766    i._printf_pre_padding  mc_w.l(printf8.o)
    0x08002f92   0x08002f92   0x00000002   PAD
    0x08002f94   0x08002f94   0x00000090   Code   RO         3971    i.accel_self_test   inv_mpu.o
    0x08003024   0x08003024   0x0000003a   Code   RO         4327    i.dmp_enable_6x_lp_quat  inv_mpu_dmp_motion_driver.o
    0x0800305e   0x0800305e   0x00000002   PAD
    0x08003060   0x08003060   0x000001d8   Code   RO         4328    i.dmp_enable_feature  inv_mpu_dmp_motion_driver.o
    0x08003238   0x08003238   0x0000003c   Code   RO         4329    i.dmp_enable_gyro_cal  inv_mpu_dmp_motion_driver.o
    0x08003274   0x08003274   0x0000003a   Code   RO         4330    i.dmp_enable_lp_quat  inv_mpu_dmp_motion_driver.o
    0x080032ae   0x080032ae   0x00000002   PAD
    0x080032b0   0x080032b0   0x00000014   Code   RO         4335    i.dmp_load_motion_driver_firmware  inv_mpu_dmp_motion_driver.o
    0x080032c4   0x080032c4   0x000000d8   Code   RO         4339    i.dmp_set_accel_bias  inv_mpu_dmp_motion_driver.o
    0x0800339c   0x0800339c   0x00000064   Code   RO         4340    i.dmp_set_fifo_rate  inv_mpu_dmp_motion_driver.o
    0x08003400   0x08003400   0x000000cc   Code   RO         4341    i.dmp_set_gyro_bias  inv_mpu_dmp_motion_driver.o
    0x080034cc   0x080034cc   0x0000010c   Code   RO         4343    i.dmp_set_orientation  inv_mpu_dmp_motion_driver.o
    0x080035d8   0x080035d8   0x00000030   Code   RO         4346    i.dmp_set_shake_reject_thresh  inv_mpu_dmp_motion_driver.o
    0x08003608   0x08003608   0x00000020   Code   RO         4347    i.dmp_set_shake_reject_time  inv_mpu_dmp_motion_driver.o
    0x08003628   0x08003628   0x00000020   Code   RO         4348    i.dmp_set_shake_reject_timeout  inv_mpu_dmp_motion_driver.o
    0x08003648   0x08003648   0x00000040   Code   RO         4349    i.dmp_set_tap_axes  inv_mpu_dmp_motion_driver.o
    0x08003688   0x08003688   0x00000022   Code   RO         4350    i.dmp_set_tap_count  inv_mpu_dmp_motion_driver.o
    0x080036aa   0x080036aa   0x00000002   PAD
    0x080036ac   0x080036ac   0x00000160   Code   RO         4351    i.dmp_set_tap_thresh  inv_mpu_dmp_motion_driver.o
    0x0800380c   0x0800380c   0x00000020   Code   RO         4352    i.dmp_set_tap_time  inv_mpu_dmp_motion_driver.o
    0x0800382c   0x0800382c   0x00000020   Code   RO         4353    i.dmp_set_tap_time_multi  inv_mpu_dmp_motion_driver.o
    0x0800384c   0x0800384c   0x00000018   Code   RO         3637    i.fputc             bsp_usart.o
    0x08003864   0x08003864   0x000000b4   Code   RO         3972    i.get_accel_prod_shift  inv_mpu.o
    0x08003918   0x08003918   0x00000314   Code   RO         3973    i.get_st_biases     inv_mpu.o
    0x08003c2c   0x08003c2c   0x000000d4   Code   RO         3974    i.gyro_self_test    inv_mpu.o
    0x08003d00   0x08003d00   0x00000022   Code   RO         3975    i.inv_orientation_matrix_to_scalar  inv_mpu.o
    0x08003d22   0x08003d22   0x00000048   Code   RO         3976    i.inv_row_2_scale   inv_mpu.o
    0x08003d6a   0x08003d6a   0x0000002e   Code   RO           15    i.main              main.o
    0x08003d98   0x08003d98   0x00000054   Code   RO         3978    i.mpu_configure_fifo  inv_mpu.o
    0x08003dec   0x08003dec   0x000000a0   Code   RO         3980    i.mpu_dmp_init      inv_mpu.o
    0x08003e8c   0x08003e8c   0x0000003c   Code   RO         3981    i.mpu_get_accel_fsr  inv_mpu.o
    0x08003ec8   0x08003ec8   0x00000044   Code   RO         3983    i.mpu_get_accel_sens  inv_mpu.o
    0x08003f0c   0x08003f0c   0x00000034   Code   RO         3989    i.mpu_get_gyro_fsr  inv_mpu.o
    0x08003f40   0x08003f40   0x0000004c   Code   RO         3991    i.mpu_get_gyro_sens  inv_mpu.o
    0x08003f8c   0x08003f8c   0x00000038   Code   RO         3993    i.mpu_get_lpf       inv_mpu.o
    0x08003fc4   0x08003fc4   0x0000001c   Code   RO         3995    i.mpu_get_sample_rate  inv_mpu.o
    0x08003fe0   0x08003fe0   0x00000188   Code   RO         3997    i.mpu_init          inv_mpu.o
    0x08004168   0x08004168   0x000000a0   Code   RO         3998    i.mpu_load_firmware  inv_mpu.o
    0x08004208   0x08004208   0x000000b8   Code   RO         3999    i.mpu_lp_accel_mode  inv_mpu.o
    0x080042c0   0x080042c0   0x00000054   Code   RO         4003    i.mpu_read_mem      inv_mpu.o
    0x08004314   0x08004314   0x00000160   Code   RO         4006    i.mpu_reset_fifo    inv_mpu.o
    0x08004474   0x08004474   0x000000f0   Code   RO         4007    i.mpu_run_self_test  inv_mpu.o
    0x08004564   0x08004564   0x00000068   Code   RO         4009    i.mpu_set_accel_fsr  inv_mpu.o
    0x080045cc   0x080045cc   0x000000dc   Code   RO         4010    i.mpu_set_bypass    inv_mpu.o
    0x080046a8   0x080046a8   0x00000078   Code   RO         4012    i.mpu_set_dmp_state  inv_mpu.o
    0x08004720   0x08004720   0x0000006c   Code   RO         4013    i.mpu_set_gyro_fsr  inv_mpu.o
    0x0800478c   0x0800478c   0x00000064   Code   RO         4014    i.mpu_set_int_latched  inv_mpu.o
    0x080047f0   0x080047f0   0x0000006c   Code   RO         4016    i.mpu_set_lpf       inv_mpu.o
    0x0800485c   0x0800485c   0x00000080   Code   RO         4017    i.mpu_set_sample_rate  inv_mpu.o
    0x080048dc   0x080048dc   0x000000b8   Code   RO         4018    i.mpu_set_sensors   inv_mpu.o
    0x08004994   0x08004994   0x00000054   Code   RO         4019    i.mpu_write_mem     inv_mpu.o
    0x080049e8   0x080049e8   0x00000088   Code   RO         4020    i.run_self_test     inv_mpu.o
    0x08004a70   0x08004a70   0x00000058   Code   RO         4021    i.set_int_enable    inv_mpu.o
    0x08004ac8   0x08004ac8   0x00000010   Data   RO         3599    .constdata          system_stm32f4xx.o
    0x08004ad8   0x08004ad8   0x00000008   Data   RO         3600    .constdata          system_stm32f4xx.o
    0x08004ae0   0x08004ae0   0x0000001b   Data   RO         4023    .constdata          inv_mpu.o
    0x08004afb   0x08004afb   0x00000001   PAD
    0x08004afc   0x08004afc   0x0000000c   Data   RO         4024    .constdata          inv_mpu.o
    0x08004b08   0x08004b08   0x00000028   Data   RO         4025    .constdata          inv_mpu.o
    0x08004b30   0x08004b30   0x00000bf6   Data   RO         4355    .constdata          inv_mpu_dmp_motion_driver.o
    0x08005726   0x08005726   0x00000002   PAD
    0x08005728   0x08005728   0x0000004d   Data   RO         4026    .conststring        inv_mpu.o
    0x08005775   0x08005775   0x00000003   PAD
    0x08005778   0x08005778   0x00000020   Data   RO         4923    Region$$Table       anon$$obj.o


    Execution Region RW_IRAM1 (Exec base: 0x20000000, Load base: 0x08005798, Size: 0x00000a50, Max: 0x00020000, ABSOLUTE)

    Exec Addr    Load Addr    Size         Type   Attr      Idx    E Section Name        Object

    0x20000000   0x08005798   0x0000000c   Data   RW         2036    .data               stm32f4xx_hal.o
    0x2000000c   0x080057a4   0x00000004   Data   RW         3601    .data               system_stm32f4xx.o
    0x20000010   0x080057a8   0x00000002   Data   RW         3735    .data               oled.o
    0x20000012   0x080057aa   0x00000002   PAD
    0x20000014   0x080057ac   0x00000035   Data   RW         4027    .data               inv_mpu.o
    0x20000049   0x080057e1   0x00000003   PAD
    0x2000004c   0x080057e4   0x00000004   Data   RW         4890    .data               mc_w.l(stdout.o)
    0x20000050        -       0x00000054   Zero   RW          318    .bss                i2c.o
    0x200000a4        -       0x00000090   Zero   RW          364    .bss                tim.o
    0x20000134        -       0x00000088   Zero   RW          427    .bss                usart.o
    0x200001bc        -       0x00000480   Zero   RW         3733    .bss                oled.o
    0x2000063c        -       0x00000010   Zero   RW         4354    .bss                inv_mpu_dmp_motion_driver.o
    0x2000064c   0x080057e8   0x00000004   PAD
    0x20000650        -       0x00000400   Zero   RW            1    STACK               startup_stm32f411xe.o


==============================================================================

Image component sizes


      Code (inc. data)   RO Data    RW Data    ZI Data      Debug   Object Name

        26          4          0          0          0        997   bsp_usart.o
       224         18          0          0          0     423891   gpio.o
       168         26          0          0         84       1753   i2c.o
      4806        288        156         53          0      30892   inv_mpu.o
      2082        130       3062          0         16      19898   inv_mpu_dmp_motion_driver.o
       194         10          0          0          0      52284   main.o
       422         18          0          0          0       7010   mpu6050.o
       410         20          0          2       1152       4619   oled.o
        36          8        408          0       1024        856   startup_stm32f411xe.o
       180         28          0         12          0       9421   stm32f4xx_hal.o
       198         14          0          0          0      34055   stm32f4xx_hal_cortex.o
       182          0          0          0          0       2159   stm32f4xx_hal_dma.o
       516         40          0          0          0       3444   stm32f4xx_hal_gpio.o
      2630         68          0          0          0      15264   stm32f4xx_hal_i2c.o
        48          6          0          0          0        894   stm32f4xx_hal_msp.o
      1348         76          0          0          0       5352   stm32f4xx_hal_rcc.o
      1228         50          0          0          0      11476   stm32f4xx_hal_tim.o
       128         20          0          0          0       2529   stm32f4xx_hal_tim_ex.o
      1574         16          0          0          0      10748   stm32f4xx_hal_uart.o
        62         18          0          0          0       6292   stm32f4xx_it.o
        16          4         24          4          0       1187   system_stm32f4xx.o
       364         52          0          0        144       3601   tim.o
       312         34          0          0        136       2535   usart.o

    ----------------------------------------------------------------------
     17180        948       3688         76       2560     651157   Object Totals
         0          0         32          0          0          0   (incl. Generated)
        26          0          6          5          4          0   (incl. Padding)

    ----------------------------------------------------------------------

      Code (inc. data)   RO Data    RW Data    ZI Data      Debug   Library Member Name

         0          0          0          0          0          0   entry.o
         0          0          0          0          0          0   entry10a.o
         0          0          0          0          0          0   entry11a.o
         4          0          0          0          0          0   entry12b.o
         8          4          0          0          0          0   entry2.o
         4          0          0          0          0          0   entry5.o
         0          0          0          0          0          0   entry7b.o
         0          0          0          0          0          0   entry8b.o
         8          4          0          0          0          0   entry9a.o
        30          0          0          0          0          0   handlers.o
        36          8          0          0          0         68   init.o
        98          0          0          0          0         84   ldiv.o
        30          0          0          0          0         68   llshl.o
        32          0          0          0          0         68   llushr.o
        26          0          0          0          0         80   memcmp.o
        36          0          0          0          0        108   memseta.o
      1142         54          0          0          0        352   printf8.o
         0          0          0          4          0          0   stdout.o
        98          0          0          0          0         92   uldiv.o

    ----------------------------------------------------------------------
      1556         70          0          4          0        920   Library Totals
         4          0          0          0          0          0   (incl. Padding)

    ----------------------------------------------------------------------

      Code (inc. data)   RO Data    RW Data    ZI Data      Debug   Library Name

      1552         70          0          4          0        920   mc_w.l

    ----------------------------------------------------------------------
      1556         70          0          4          0        920   Library Totals

    ----------------------------------------------------------------------

==============================================================================


      Code (inc. data)   RO Data    RW Data    ZI Data      Debug   

     18736       1018       3688         80       2560     636965   Grand Totals
     18736       1018       3688         80       2560     636965   ELF Image Totals
     18736       1018       3688         80          0          0   ROM Totals

==============================================================================

    Total RO  Size (Code + RO Data)                22424 (  21.90kB)
    Total RW  Size (RW Data + ZI Data)              2640 (   2.58kB)
    Total ROM Size (Code + RO Data + RW Data)      22504 (  21.98kB)

==============================================================================

